------------------------------------------------------------
Timing Analyzer Summary
------------------------------------------------------------

Type  : Slow 1100mV 85C Model Setup 'system_bd:i_system_bd|system_bd_sys_hps:sys_hps|system_bd_sys_hps_hps_io:hps_io|system_bd_sys_hps_hps_io_border:border|hps_sdram:hps_sdram_inst|hps_sdram_pll:pll|afi_clk_write_clk'
Slack : 1.435
TNS   : 0.000

Type  : Slow 1100mV 85C Model Setup 'sys_clk'
Slack : 3.621
TNS   : 0.000

Type  : Slow 1100mV 85C Model Setup 'i_system_bd|pixel_clk_pll|altera_pll_i|cyclonev_pll|counter[1].output_counter|divclk'
Slack : 4.083
TNS   : 0.000

Type  : Slow 1100mV 85C Model Setup 'i_system_bd|sys_hps|fpga_interfaces|clocks_resets|h2f_user0_clk'
Slack : 6.182
TNS   : 0.000

Type  : Slow 1100mV 85C Model Setup 'i_system_bd|pixel_clk_pll|altera_pll_i|cyclonev_pll|counter[0].output_counter|divclk'
Slack : 6.286
TNS   : 0.000

Type  : Slow 1100mV 85C Model Setup 'altera_reserved_tck'
Slack : 8.552
TNS   : 0.000

Type  : Slow 1100mV 85C Model Hold 'system_bd:i_system_bd|system_bd_sys_hps:sys_hps|system_bd_sys_hps_hps_io:hps_io|system_bd_sys_hps_hps_io_border:border|hps_sdram:hps_sdram_inst|hps_sdram_pll:pll|afi_clk_write_clk'
Slack : 0.188
TNS   : 0.000

Type  : Slow 1100mV 85C Model Hold 'sys_clk'
Slack : 0.271
TNS   : 0.000

Type  : Slow 1100mV 85C Model Hold 'i_system_bd|sys_hps|fpga_interfaces|clocks_resets|h2f_user0_clk'
Slack : 0.284
TNS   : 0.000

Type  : Slow 1100mV 85C Model Hold 'i_system_bd|pixel_clk_pll|altera_pll_i|cyclonev_pll|counter[0].output_counter|divclk'
Slack : 0.396
TNS   : 0.000

Type  : Slow 1100mV 85C Model Hold 'i_system_bd|pixel_clk_pll|altera_pll_i|cyclonev_pll|counter[1].output_counter|divclk'
Slack : 0.467
TNS   : 0.000

Type  : Slow 1100mV 85C Model Hold 'altera_reserved_tck'
Slack : 0.471
TNS   : 0.000

Type  : Slow 1100mV 85C Model Recovery 'system_bd:i_system_bd|system_bd_sys_hps:sys_hps|system_bd_sys_hps_hps_io:hps_io|system_bd_sys_hps_hps_io_border:border|hps_sdram:hps_sdram_inst|hps_sdram_pll:pll|afi_clk_write_clk'
Slack : 2.839
TNS   : 0.000

Type  : Slow 1100mV 85C Model Recovery 'i_system_bd|pixel_clk_pll|altera_pll_i|cyclonev_pll|counter[1].output_counter|divclk'
Slack : 7.292
TNS   : 0.000

Type  : Slow 1100mV 85C Model Recovery 'sys_clk'
Slack : 10.402
TNS   : 0.000

Type  : Slow 1100mV 85C Model Recovery 'i_system_bd|pixel_clk_pll|altera_pll_i|cyclonev_pll|counter[0].output_counter|divclk'
Slack : 11.150
TNS   : 0.000

Type  : Slow 1100mV 85C Model Recovery 'altera_reserved_tck'
Slack : 29.149
TNS   : 0.000

Type  : Slow 1100mV 85C Model Removal 'system_bd:i_system_bd|system_bd_sys_hps:sys_hps|system_bd_sys_hps_hps_io:hps_io|system_bd_sys_hps_hps_io_border:border|hps_sdram:hps_sdram_inst|hps_sdram_pll:pll|afi_clk_write_clk'
Slack : 0.593
TNS   : 0.000

Type  : Slow 1100mV 85C Model Removal 'sys_clk'
Slack : 0.787
TNS   : 0.000

Type  : Slow 1100mV 85C Model Removal 'altera_reserved_tck'
Slack : 1.449
TNS   : 0.000

Type  : Slow 1100mV 85C Model Removal 'i_system_bd|pixel_clk_pll|altera_pll_i|cyclonev_pll|counter[0].output_counter|divclk'
Slack : 1.458
TNS   : 0.000

Type  : Slow 1100mV 85C Model Removal 'i_system_bd|pixel_clk_pll|altera_pll_i|cyclonev_pll|counter[1].output_counter|divclk'
Slack : 1.920
TNS   : 0.000

Type  : Slow 1100mV 85C Model Minimum Pulse Width 'i_system_bd|pixel_clk_pll|altera_pll_i|cyclonev_pll|fpll_0|fpll|vcoph[0]'
Slack : 0.384
TNS   : 0.000

Type  : Slow 1100mV 85C Model Minimum Pulse Width 'system_bd:i_system_bd|system_bd_sys_hps:sys_hps|system_bd_sys_hps_hps_io:hps_io|system_bd_sys_hps_hps_io_border:border|hps_sdram:hps_sdram_inst|hps_sdram_pll:pll|pll_write_clk_dq_write_clk'
Slack : 0.390
TNS   : 0.000

Type  : Slow 1100mV 85C Model Minimum Pulse Width 'system_bd:i_system_bd|system_bd_sys_hps:sys_hps|system_bd_sys_hps_hps_io:hps_io|system_bd_sys_hps_hps_io_border:border|hps_sdram:hps_sdram_inst|hps_sdram_pll:pll|afi_clk_write_clk'
Slack : 0.406
TNS   : 0.000

Type  : Slow 1100mV 85C Model Minimum Pulse Width 'i_system_bd|pixel_clk_pll|altera_pll_i|cyclonev_pll|counter[1].output_counter|divclk'
Slack : 3.367
TNS   : 0.000

Type  : Slow 1100mV 85C Model Minimum Pulse Width 'i_system_bd|sys_hps|fpga_interfaces|clocks_resets|h2f_user0_clk'
Slack : 4.639
TNS   : 0.000

Type  : Slow 1100mV 85C Model Minimum Pulse Width 'i_system_bd|pixel_clk_pll|altera_pll_i|cyclonev_pll|counter[0].output_counter|divclk'
Slack : 6.085
TNS   : 0.000

Type  : Slow 1100mV 85C Model Minimum Pulse Width 'sys_clk'
Slack : 8.192
TNS   : 0.000

Type  : Slow 1100mV 85C Model Minimum Pulse Width 'altera_reserved_tck'
Slack : 14.983
TNS   : 0.000

Type  : Slow 1100mV 0C Model Setup 'system_bd:i_system_bd|system_bd_sys_hps:sys_hps|system_bd_sys_hps_hps_io:hps_io|system_bd_sys_hps_hps_io_border:border|hps_sdram:hps_sdram_inst|hps_sdram_pll:pll|afi_clk_write_clk'
Slack : 1.408
TNS   : 0.000

Type  : Slow 1100mV 0C Model Setup 'sys_clk'
Slack : 3.601
TNS   : 0.000

Type  : Slow 1100mV 0C Model Setup 'i_system_bd|pixel_clk_pll|altera_pll_i|cyclonev_pll|counter[1].output_counter|divclk'
Slack : 4.169
TNS   : 0.000

Type  : Slow 1100mV 0C Model Setup 'i_system_bd|pixel_clk_pll|altera_pll_i|cyclonev_pll|counter[0].output_counter|divclk'
Slack : 6.293
TNS   : 0.000

Type  : Slow 1100mV 0C Model Setup 'i_system_bd|sys_hps|fpga_interfaces|clocks_resets|h2f_user0_clk'
Slack : 6.414
TNS   : 0.000

Type  : Slow 1100mV 0C Model Setup 'altera_reserved_tck'
Slack : 8.917
TNS   : 0.000

Type  : Slow 1100mV 0C Model Hold 'i_system_bd|pixel_clk_pll|altera_pll_i|cyclonev_pll|counter[0].output_counter|divclk'
Slack : 0.213
TNS   : 0.000

Type  : Slow 1100mV 0C Model Hold 'system_bd:i_system_bd|system_bd_sys_hps:sys_hps|system_bd_sys_hps_hps_io:hps_io|system_bd_sys_hps_hps_io_border:border|hps_sdram:hps_sdram_inst|hps_sdram_pll:pll|afi_clk_write_clk'
Slack : 0.228
TNS   : 0.000

Type  : Slow 1100mV 0C Model Hold 'sys_clk'
Slack : 0.263
TNS   : 0.000

Type  : Slow 1100mV 0C Model Hold 'i_system_bd|sys_hps|fpga_interfaces|clocks_resets|h2f_user0_clk'
Slack : 0.281
TNS   : 0.000

Type  : Slow 1100mV 0C Model Hold 'i_system_bd|pixel_clk_pll|altera_pll_i|cyclonev_pll|counter[1].output_counter|divclk'
Slack : 0.287
TNS   : 0.000

Type  : Slow 1100mV 0C Model Hold 'altera_reserved_tck'
Slack : 0.530
TNS   : 0.000

Type  : Slow 1100mV 0C Model Recovery 'system_bd:i_system_bd|system_bd_sys_hps:sys_hps|system_bd_sys_hps_hps_io:hps_io|system_bd_sys_hps_hps_io_border:border|hps_sdram:hps_sdram_inst|hps_sdram_pll:pll|afi_clk_write_clk'
Slack : 3.037
TNS   : 0.000

Type  : Slow 1100mV 0C Model Recovery 'i_system_bd|pixel_clk_pll|altera_pll_i|cyclonev_pll|counter[1].output_counter|divclk'
Slack : 7.380
TNS   : 0.000

Type  : Slow 1100mV 0C Model Recovery 'sys_clk'
Slack : 10.456
TNS   : 0.000

Type  : Slow 1100mV 0C Model Recovery 'i_system_bd|pixel_clk_pll|altera_pll_i|cyclonev_pll|counter[0].output_counter|divclk'
Slack : 11.286
TNS   : 0.000

Type  : Slow 1100mV 0C Model Recovery 'altera_reserved_tck'
Slack : 29.256
TNS   : 0.000

Type  : Slow 1100mV 0C Model Removal 'system_bd:i_system_bd|system_bd_sys_hps:sys_hps|system_bd_sys_hps_hps_io:hps_io|system_bd_sys_hps_hps_io_border:border|hps_sdram:hps_sdram_inst|hps_sdram_pll:pll|afi_clk_write_clk'
Slack : 0.564
TNS   : 0.000

Type  : Slow 1100mV 0C Model Removal 'sys_clk'
Slack : 0.763
TNS   : 0.000

Type  : Slow 1100mV 0C Model Removal 'altera_reserved_tck'
Slack : 1.340
TNS   : 0.000

Type  : Slow 1100mV 0C Model Removal 'i_system_bd|pixel_clk_pll|altera_pll_i|cyclonev_pll|counter[0].output_counter|divclk'
Slack : 1.397
TNS   : 0.000

Type  : Slow 1100mV 0C Model Removal 'i_system_bd|pixel_clk_pll|altera_pll_i|cyclonev_pll|counter[1].output_counter|divclk'
Slack : 1.806
TNS   : 0.000

Type  : Slow 1100mV 0C Model Minimum Pulse Width 'i_system_bd|pixel_clk_pll|altera_pll_i|cyclonev_pll|fpll_0|fpll|vcoph[0]'
Slack : 0.384
TNS   : 0.000

Type  : Slow 1100mV 0C Model Minimum Pulse Width 'system_bd:i_system_bd|system_bd_sys_hps:sys_hps|system_bd_sys_hps_hps_io:hps_io|system_bd_sys_hps_hps_io_border:border|hps_sdram:hps_sdram_inst|hps_sdram_pll:pll|pll_write_clk_dq_write_clk'
Slack : 0.399
TNS   : 0.000

Type  : Slow 1100mV 0C Model Minimum Pulse Width 'system_bd:i_system_bd|system_bd_sys_hps:sys_hps|system_bd_sys_hps_hps_io:hps_io|system_bd_sys_hps_hps_io_border:border|hps_sdram:hps_sdram_inst|hps_sdram_pll:pll|afi_clk_write_clk'
Slack : 0.420
TNS   : 0.000

Type  : Slow 1100mV 0C Model Minimum Pulse Width 'i_system_bd|pixel_clk_pll|altera_pll_i|cyclonev_pll|counter[1].output_counter|divclk'
Slack : 3.326
TNS   : 0.000

Type  : Slow 1100mV 0C Model Minimum Pulse Width 'i_system_bd|sys_hps|fpga_interfaces|clocks_resets|h2f_user0_clk'
Slack : 4.603
TNS   : 0.000

Type  : Slow 1100mV 0C Model Minimum Pulse Width 'i_system_bd|pixel_clk_pll|altera_pll_i|cyclonev_pll|counter[0].output_counter|divclk'
Slack : 6.051
TNS   : 0.000

Type  : Slow 1100mV 0C Model Minimum Pulse Width 'sys_clk'
Slack : 8.135
TNS   : 0.000

Type  : Slow 1100mV 0C Model Minimum Pulse Width 'altera_reserved_tck'
Slack : 14.976
TNS   : 0.000

Type  : Fast 1100mV 85C Model Setup 'system_bd:i_system_bd|system_bd_sys_hps:sys_hps|system_bd_sys_hps_hps_io:hps_io|system_bd_sys_hps_hps_io_border:border|hps_sdram:hps_sdram_inst|hps_sdram_pll:pll|afi_clk_write_clk'
Slack : 2.110
TNS   : 0.000

Type  : Fast 1100mV 85C Model Setup 'i_system_bd|pixel_clk_pll|altera_pll_i|cyclonev_pll|counter[1].output_counter|divclk'
Slack : 6.800
TNS   : 0.000

Type  : Fast 1100mV 85C Model Setup 'i_system_bd|sys_hps|fpga_interfaces|clocks_resets|h2f_user0_clk'
Slack : 9.167
TNS   : 0.000

Type  : Fast 1100mV 85C Model Setup 'i_system_bd|pixel_clk_pll|altera_pll_i|cyclonev_pll|counter[0].output_counter|divclk'
Slack : 11.115
TNS   : 0.000

Type  : Fast 1100mV 85C Model Setup 'sys_clk'
Slack : 11.646
TNS   : 0.000

Type  : Fast 1100mV 85C Model Setup 'altera_reserved_tck'
Slack : 13.310
TNS   : 0.000

Type  : Fast 1100mV 85C Model Hold 'system_bd:i_system_bd|system_bd_sys_hps:sys_hps|system_bd_sys_hps_hps_io:hps_io|system_bd_sys_hps_hps_io_border:border|hps_sdram:hps_sdram_inst|hps_sdram_pll:pll|afi_clk_write_clk'
Slack : 0.084
TNS   : 0.000

Type  : Fast 1100mV 85C Model Hold 'sys_clk'
Slack : 0.118
TNS   : 0.000

Type  : Fast 1100mV 85C Model Hold 'altera_reserved_tck'
Slack : 0.144
TNS   : 0.000

Type  : Fast 1100mV 85C Model Hold 'i_system_bd|pixel_clk_pll|altera_pll_i|cyclonev_pll|counter[0].output_counter|divclk'
Slack : 0.176
TNS   : 0.000

Type  : Fast 1100mV 85C Model Hold 'i_system_bd|pixel_clk_pll|altera_pll_i|cyclonev_pll|counter[1].output_counter|divclk'
Slack : 0.176
TNS   : 0.000

Type  : Fast 1100mV 85C Model Hold 'i_system_bd|sys_hps|fpga_interfaces|clocks_resets|h2f_user0_clk'
Slack : 0.179
TNS   : 0.000

Type  : Fast 1100mV 85C Model Recovery 'system_bd:i_system_bd|system_bd_sys_hps:sys_hps|system_bd_sys_hps_hps_io:hps_io|system_bd_sys_hps_hps_io_border:border|hps_sdram:hps_sdram_inst|hps_sdram_pll:pll|afi_clk_write_clk'
Slack : 3.727
TNS   : 0.000

Type  : Fast 1100mV 85C Model Recovery 'i_system_bd|pixel_clk_pll|altera_pll_i|cyclonev_pll|counter[1].output_counter|divclk'
Slack : 8.656
TNS   : 0.000

Type  : Fast 1100mV 85C Model Recovery 'i_system_bd|pixel_clk_pll|altera_pll_i|cyclonev_pll|counter[0].output_counter|divclk'
Slack : 13.082
TNS   : 0.000

Type  : Fast 1100mV 85C Model Recovery 'sys_clk'
Slack : 15.726
TNS   : 0.000

Type  : Fast 1100mV 85C Model Recovery 'altera_reserved_tck'
Slack : 30.988
TNS   : 0.000

Type  : Fast 1100mV 85C Model Removal 'sys_clk'
Slack : 0.299
TNS   : 0.000

Type  : Fast 1100mV 85C Model Removal 'altera_reserved_tck'
Slack : 0.422
TNS   : 0.000

Type  : Fast 1100mV 85C Model Removal 'system_bd:i_system_bd|system_bd_sys_hps:sys_hps|system_bd_sys_hps_hps_io:hps_io|system_bd_sys_hps_hps_io_border:border|hps_sdram:hps_sdram_inst|hps_sdram_pll:pll|afi_clk_write_clk'
Slack : 0.497
TNS   : 0.000

Type  : Fast 1100mV 85C Model Removal 'i_system_bd|pixel_clk_pll|altera_pll_i|cyclonev_pll|counter[0].output_counter|divclk'
Slack : 0.601
TNS   : 0.000

Type  : Fast 1100mV 85C Model Removal 'i_system_bd|pixel_clk_pll|altera_pll_i|cyclonev_pll|counter[1].output_counter|divclk'
Slack : 0.808
TNS   : 0.000

Type  : Fast 1100mV 85C Model Minimum Pulse Width 'i_system_bd|pixel_clk_pll|altera_pll_i|cyclonev_pll|fpll_0|fpll|vcoph[0]'
Slack : 0.384
TNS   : 0.000

Type  : Fast 1100mV 85C Model Minimum Pulse Width 'system_bd:i_system_bd|system_bd_sys_hps:sys_hps|system_bd_sys_hps_hps_io:hps_io|system_bd_sys_hps_hps_io_border:border|hps_sdram:hps_sdram_inst|hps_sdram_pll:pll|pll_write_clk_dq_write_clk'
Slack : 0.883
TNS   : 0.000

Type  : Fast 1100mV 85C Model Minimum Pulse Width 'system_bd:i_system_bd|system_bd_sys_hps:sys_hps|system_bd_sys_hps_hps_io:hps_io|system_bd_sys_hps_hps_io_border:border|hps_sdram:hps_sdram_inst|hps_sdram_pll:pll|afi_clk_write_clk'
Slack : 0.891
TNS   : 0.000

Type  : Fast 1100mV 85C Model Minimum Pulse Width 'i_system_bd|pixel_clk_pll|altera_pll_i|cyclonev_pll|counter[1].output_counter|divclk'
Slack : 3.882
TNS   : 0.000

Type  : Fast 1100mV 85C Model Minimum Pulse Width 'i_system_bd|sys_hps|fpga_interfaces|clocks_resets|h2f_user0_clk'
Slack : 5.156
TNS   : 0.000

Type  : Fast 1100mV 85C Model Minimum Pulse Width 'i_system_bd|pixel_clk_pll|altera_pll_i|cyclonev_pll|counter[0].output_counter|divclk'
Slack : 6.584
TNS   : 0.000

Type  : Fast 1100mV 85C Model Minimum Pulse Width 'sys_clk'
Slack : 8.805
TNS   : 0.000

Type  : Fast 1100mV 85C Model Minimum Pulse Width 'altera_reserved_tck'
Slack : 14.838
TNS   : 0.000

Type  : Fast 1100mV 0C Model Setup 'system_bd:i_system_bd|system_bd_sys_hps:sys_hps|system_bd_sys_hps_hps_io:hps_io|system_bd_sys_hps_hps_io_border:border|hps_sdram:hps_sdram_inst|hps_sdram_pll:pll|afi_clk_write_clk'
Slack : 2.110
TNS   : 0.000

Type  : Fast 1100mV 0C Model Setup 'i_system_bd|pixel_clk_pll|altera_pll_i|cyclonev_pll|counter[1].output_counter|divclk'
Slack : 7.159
TNS   : 0.000

Type  : Fast 1100mV 0C Model Setup 'i_system_bd|sys_hps|fpga_interfaces|clocks_resets|h2f_user0_clk'
Slack : 9.585
TNS   : 0.000

Type  : Fast 1100mV 0C Model Setup 'i_system_bd|pixel_clk_pll|altera_pll_i|cyclonev_pll|counter[0].output_counter|divclk'
Slack : 11.518
TNS   : 0.000

Type  : Fast 1100mV 0C Model Setup 'sys_clk'
Slack : 12.256
TNS   : 0.000

Type  : Fast 1100mV 0C Model Setup 'altera_reserved_tck'
Slack : 13.743
TNS   : 0.000

Type  : Fast 1100mV 0C Model Hold 'system_bd:i_system_bd|system_bd_sys_hps:sys_hps|system_bd_sys_hps_hps_io:hps_io|system_bd_sys_hps_hps_io_border:border|hps_sdram:hps_sdram_inst|hps_sdram_pll:pll|afi_clk_write_clk'
Slack : 0.077
TNS   : 0.000

Type  : Fast 1100mV 0C Model Hold 'sys_clk'
Slack : 0.109
TNS   : 0.000

Type  : Fast 1100mV 0C Model Hold 'i_system_bd|pixel_clk_pll|altera_pll_i|cyclonev_pll|counter[0].output_counter|divclk'
Slack : 0.124
TNS   : 0.000

Type  : Fast 1100mV 0C Model Hold 'altera_reserved_tck'
Slack : 0.145
TNS   : 0.000

Type  : Fast 1100mV 0C Model Hold 'i_system_bd|sys_hps|fpga_interfaces|clocks_resets|h2f_user0_clk'
Slack : 0.157
TNS   : 0.000

Type  : Fast 1100mV 0C Model Hold 'i_system_bd|pixel_clk_pll|altera_pll_i|cyclonev_pll|counter[1].output_counter|divclk'
Slack : 0.158
TNS   : 0.000

Type  : Fast 1100mV 0C Model Recovery 'system_bd:i_system_bd|system_bd_sys_hps:sys_hps|system_bd_sys_hps_hps_io:hps_io|system_bd_sys_hps_hps_io_border:border|hps_sdram:hps_sdram_inst|hps_sdram_pll:pll|afi_clk_write_clk'
Slack : 3.825
TNS   : 0.000

Type  : Fast 1100mV 0C Model Recovery 'i_system_bd|pixel_clk_pll|altera_pll_i|cyclonev_pll|counter[1].output_counter|divclk'
Slack : 8.809
TNS   : 0.000

Type  : Fast 1100mV 0C Model Recovery 'i_system_bd|pixel_clk_pll|altera_pll_i|cyclonev_pll|counter[0].output_counter|divclk'
Slack : 13.368
TNS   : 0.000

Type  : Fast 1100mV 0C Model Recovery 'sys_clk'
Slack : 15.946
TNS   : 0.000

Type  : Fast 1100mV 0C Model Recovery 'altera_reserved_tck'
Slack : 31.228
TNS   : 0.000

Type  : Fast 1100mV 0C Model Removal 'sys_clk'
Slack : 0.273
TNS   : 0.000

Type  : Fast 1100mV 0C Model Removal 'altera_reserved_tck'
Slack : 0.367
TNS   : 0.000

Type  : Fast 1100mV 0C Model Removal 'system_bd:i_system_bd|system_bd_sys_hps:sys_hps|system_bd_sys_hps_hps_io:hps_io|system_bd_sys_hps_hps_io_border:border|hps_sdram:hps_sdram_inst|hps_sdram_pll:pll|afi_clk_write_clk'
Slack : 0.473
TNS   : 0.000

Type  : Fast 1100mV 0C Model Removal 'i_system_bd|pixel_clk_pll|altera_pll_i|cyclonev_pll|counter[0].output_counter|divclk'
Slack : 0.539
TNS   : 0.000

Type  : Fast 1100mV 0C Model Removal 'i_system_bd|pixel_clk_pll|altera_pll_i|cyclonev_pll|counter[1].output_counter|divclk'
Slack : 0.730
TNS   : 0.000

Type  : Fast 1100mV 0C Model Minimum Pulse Width 'i_system_bd|pixel_clk_pll|altera_pll_i|cyclonev_pll|fpll_0|fpll|vcoph[0]'
Slack : 0.384
TNS   : 0.000

Type  : Fast 1100mV 0C Model Minimum Pulse Width 'system_bd:i_system_bd|system_bd_sys_hps:sys_hps|system_bd_sys_hps_hps_io:hps_io|system_bd_sys_hps_hps_io_border:border|hps_sdram:hps_sdram_inst|hps_sdram_pll:pll|pll_write_clk_dq_write_clk'
Slack : 0.887
TNS   : 0.000

Type  : Fast 1100mV 0C Model Minimum Pulse Width 'system_bd:i_system_bd|system_bd_sys_hps:sys_hps|system_bd_sys_hps_hps_io:hps_io|system_bd_sys_hps_hps_io_border:border|hps_sdram:hps_sdram_inst|hps_sdram_pll:pll|afi_clk_write_clk'
Slack : 0.894
TNS   : 0.000

Type  : Fast 1100mV 0C Model Minimum Pulse Width 'i_system_bd|pixel_clk_pll|altera_pll_i|cyclonev_pll|counter[1].output_counter|divclk'
Slack : 3.884
TNS   : 0.000

Type  : Fast 1100mV 0C Model Minimum Pulse Width 'i_system_bd|sys_hps|fpga_interfaces|clocks_resets|h2f_user0_clk'
Slack : 5.157
TNS   : 0.000

Type  : Fast 1100mV 0C Model Minimum Pulse Width 'i_system_bd|pixel_clk_pll|altera_pll_i|cyclonev_pll|counter[0].output_counter|divclk'
Slack : 6.584
TNS   : 0.000

Type  : Fast 1100mV 0C Model Minimum Pulse Width 'sys_clk'
Slack : 8.810
TNS   : 0.000

Type  : Fast 1100mV 0C Model Minimum Pulse Width 'altera_reserved_tck'
Slack : 14.824
TNS   : 0.000

------------------------------------------------------------
Info: see the "DDR report" for DDR timing results
------------------------------------------------------------
------------------------------------------------------------
