------------------------------------------------------------
Timing Analyzer Summary
------------------------------------------------------------

Type  : Slow 1100mV 85C Model Setup 'system_bd:i_system_bd|system_bd_sys_hps:sys_hps|system_bd_sys_hps_hps_io:hps_io|system_bd_sys_hps_hps_io_border:border|hps_sdram:hps_sdram_inst|hps_sdram_pll:pll|afi_clk_write_clk'
Slack : 1.435
TNS   : 0.000

Type  : Slow 1100mV 85C Model Setup 'i_system_bd|pixel_clk_pll|altera_pll_i|cyclonev_pll|counter[1].output_counter|divclk'
Slack : 3.382
TNS   : 0.000

Type  : Slow 1100mV 85C Model Setup 'sys_clk'
Slack : 4.224
TNS   : 0.000

Type  : Slow 1100mV 85C Model Setup 'i_system_bd|sys_hps|fpga_interfaces|clocks_resets|h2f_user0_clk'
Slack : 6.013
TNS   : 0.000

Type  : Slow 1100mV 85C Model Setup 'i_system_bd|pixel_clk_pll|altera_pll_i|cyclonev_pll|counter[0].output_counter|divclk'
Slack : 7.602
TNS   : 0.000

Type  : Slow 1100mV 85C Model Setup 'altera_reserved_tck'
Slack : 7.949
TNS   : 0.000

Type  : Slow 1100mV 85C Model Hold 'system_bd:i_system_bd|system_bd_sys_hps:sys_hps|system_bd_sys_hps_hps_io:hps_io|system_bd_sys_hps_hps_io_border:border|hps_sdram:hps_sdram_inst|hps_sdram_pll:pll|afi_clk_write_clk'
Slack : 0.188
TNS   : 0.000

Type  : Slow 1100mV 85C Model Hold 'sys_clk'
Slack : 0.218
TNS   : 0.000

Type  : Slow 1100mV 85C Model Hold 'i_system_bd|pixel_clk_pll|altera_pll_i|cyclonev_pll|counter[0].output_counter|divclk'
Slack : 0.379
TNS   : 0.000

Type  : Slow 1100mV 85C Model Hold 'i_system_bd|pixel_clk_pll|altera_pll_i|cyclonev_pll|counter[1].output_counter|divclk'
Slack : 0.391
TNS   : 0.000

Type  : Slow 1100mV 85C Model Hold 'i_system_bd|sys_hps|fpga_interfaces|clocks_resets|h2f_user0_clk'
Slack : 0.419
TNS   : 0.000

Type  : Slow 1100mV 85C Model Hold 'altera_reserved_tck'
Slack : 0.717
TNS   : 0.000

Type  : Slow 1100mV 85C Model Recovery 'system_bd:i_system_bd|system_bd_sys_hps:sys_hps|system_bd_sys_hps_hps_io:hps_io|system_bd_sys_hps_hps_io_border:border|hps_sdram:hps_sdram_inst|hps_sdram_pll:pll|afi_clk_write_clk'
Slack : 2.839
TNS   : 0.000

Type  : Slow 1100mV 85C Model Recovery 'i_system_bd|pixel_clk_pll|altera_pll_i|cyclonev_pll|counter[1].output_counter|divclk'
Slack : 7.485
TNS   : 0.000

Type  : Slow 1100mV 85C Model Recovery 'sys_clk'
Slack : 9.646
TNS   : 0.000

Type  : Slow 1100mV 85C Model Recovery 'i_system_bd|pixel_clk_pll|altera_pll_i|cyclonev_pll|counter[0].output_counter|divclk'
Slack : 11.831
TNS   : 0.000

Type  : Slow 1100mV 85C Model Recovery 'altera_reserved_tck'
Slack : 30.040
TNS   : 0.000

Type  : Slow 1100mV 85C Model Removal 'system_bd:i_system_bd|system_bd_sys_hps:sys_hps|system_bd_sys_hps_hps_io:hps_io|system_bd_sys_hps_hps_io_border:border|hps_sdram:hps_sdram_inst|hps_sdram_pll:pll|afi_clk_write_clk'
Slack : 0.593
TNS   : 0.000

Type  : Slow 1100mV 85C Model Removal 'sys_clk'
Slack : 0.782
TNS   : 0.000

Type  : Slow 1100mV 85C Model Removal 'altera_reserved_tck'
Slack : 1.201
TNS   : 0.000

Type  : Slow 1100mV 85C Model Removal 'i_system_bd|pixel_clk_pll|altera_pll_i|cyclonev_pll|counter[0].output_counter|divclk'
Slack : 1.400
TNS   : 0.000

Type  : Slow 1100mV 85C Model Removal 'i_system_bd|pixel_clk_pll|altera_pll_i|cyclonev_pll|counter[1].output_counter|divclk'
Slack : 1.550
TNS   : 0.000

Type  : Slow 1100mV 85C Model Minimum Pulse Width 'i_system_bd|pixel_clk_pll|altera_pll_i|cyclonev_pll|fpll_0|fpll|vcoph[0]'
Slack : 0.384
TNS   : 0.000

Type  : Slow 1100mV 85C Model Minimum Pulse Width 'system_bd:i_system_bd|system_bd_sys_hps:sys_hps|system_bd_sys_hps_hps_io:hps_io|system_bd_sys_hps_hps_io_border:border|hps_sdram:hps_sdram_inst|hps_sdram_pll:pll|pll_write_clk_dq_write_clk'
Slack : 0.390
TNS   : 0.000

Type  : Slow 1100mV 85C Model Minimum Pulse Width 'system_bd:i_system_bd|system_bd_sys_hps:sys_hps|system_bd_sys_hps_hps_io:hps_io|system_bd_sys_hps_hps_io_border:border|hps_sdram:hps_sdram_inst|hps_sdram_pll:pll|afi_clk_write_clk'
Slack : 0.406
TNS   : 0.000

Type  : Slow 1100mV 85C Model Minimum Pulse Width 'i_system_bd|pixel_clk_pll|altera_pll_i|cyclonev_pll|counter[1].output_counter|divclk'
Slack : 3.371
TNS   : 0.000

Type  : Slow 1100mV 85C Model Minimum Pulse Width 'i_system_bd|sys_hps|fpga_interfaces|clocks_resets|h2f_user0_clk'
Slack : 4.638
TNS   : 0.000

Type  : Slow 1100mV 85C Model Minimum Pulse Width 'i_system_bd|pixel_clk_pll|altera_pll_i|cyclonev_pll|counter[0].output_counter|divclk'
Slack : 6.060
TNS   : 0.000

Type  : Slow 1100mV 85C Model Minimum Pulse Width 'sys_clk'
Slack : 8.119
TNS   : 0.000

Type  : Slow 1100mV 85C Model Minimum Pulse Width 'altera_reserved_tck'
Slack : 15.005
TNS   : 0.000

Type  : Slow 1100mV 0C Model Setup 'system_bd:i_system_bd|system_bd_sys_hps:sys_hps|system_bd_sys_hps_hps_io:hps_io|system_bd_sys_hps_hps_io_border:border|hps_sdram:hps_sdram_inst|hps_sdram_pll:pll|afi_clk_write_clk'
Slack : 1.408
TNS   : 0.000

Type  : Slow 1100mV 0C Model Setup 'i_system_bd|pixel_clk_pll|altera_pll_i|cyclonev_pll|counter[1].output_counter|divclk'
Slack : 3.394
TNS   : 0.000

Type  : Slow 1100mV 0C Model Setup 'sys_clk'
Slack : 4.127
TNS   : 0.000

Type  : Slow 1100mV 0C Model Setup 'i_system_bd|sys_hps|fpga_interfaces|clocks_resets|h2f_user0_clk'
Slack : 6.123
TNS   : 0.000

Type  : Slow 1100mV 0C Model Setup 'i_system_bd|pixel_clk_pll|altera_pll_i|cyclonev_pll|counter[0].output_counter|divclk'
Slack : 7.370
TNS   : 0.000

Type  : Slow 1100mV 0C Model Setup 'altera_reserved_tck'
Slack : 8.190
TNS   : 0.000

Type  : Slow 1100mV 0C Model Hold 'i_system_bd|pixel_clk_pll|altera_pll_i|cyclonev_pll|counter[0].output_counter|divclk'
Slack : 0.151
TNS   : 0.000

Type  : Slow 1100mV 0C Model Hold 'i_system_bd|pixel_clk_pll|altera_pll_i|cyclonev_pll|counter[1].output_counter|divclk'
Slack : 0.192
TNS   : 0.000

Type  : Slow 1100mV 0C Model Hold 'sys_clk'
Slack : 0.194
TNS   : 0.000

Type  : Slow 1100mV 0C Model Hold 'system_bd:i_system_bd|system_bd_sys_hps:sys_hps|system_bd_sys_hps_hps_io:hps_io|system_bd_sys_hps_hps_io_border:border|hps_sdram:hps_sdram_inst|hps_sdram_pll:pll|afi_clk_write_clk'
Slack : 0.228
TNS   : 0.000

Type  : Slow 1100mV 0C Model Hold 'i_system_bd|sys_hps|fpga_interfaces|clocks_resets|h2f_user0_clk'
Slack : 0.302
TNS   : 0.000

Type  : Slow 1100mV 0C Model Hold 'altera_reserved_tck'
Slack : 0.728
TNS   : 0.000

Type  : Slow 1100mV 0C Model Recovery 'system_bd:i_system_bd|system_bd_sys_hps:sys_hps|system_bd_sys_hps_hps_io:hps_io|system_bd_sys_hps_hps_io_border:border|hps_sdram:hps_sdram_inst|hps_sdram_pll:pll|afi_clk_write_clk'
Slack : 3.037
TNS   : 0.000

Type  : Slow 1100mV 0C Model Recovery 'i_system_bd|pixel_clk_pll|altera_pll_i|cyclonev_pll|counter[1].output_counter|divclk'
Slack : 7.555
TNS   : 0.000

Type  : Slow 1100mV 0C Model Recovery 'sys_clk'
Slack : 9.755
TNS   : 0.000

Type  : Slow 1100mV 0C Model Recovery 'i_system_bd|pixel_clk_pll|altera_pll_i|cyclonev_pll|counter[0].output_counter|divclk'
Slack : 11.968
TNS   : 0.000

Type  : Slow 1100mV 0C Model Recovery 'altera_reserved_tck'
Slack : 30.143
TNS   : 0.000

Type  : Slow 1100mV 0C Model Removal 'system_bd:i_system_bd|system_bd_sys_hps:sys_hps|system_bd_sys_hps_hps_io:hps_io|system_bd_sys_hps_hps_io_border:border|hps_sdram:hps_sdram_inst|hps_sdram_pll:pll|afi_clk_write_clk'
Slack : 0.564
TNS   : 0.000

Type  : Slow 1100mV 0C Model Removal 'sys_clk'
Slack : 0.762
TNS   : 0.000

Type  : Slow 1100mV 0C Model Removal 'altera_reserved_tck'
Slack : 1.094
TNS   : 0.000

Type  : Slow 1100mV 0C Model Removal 'i_system_bd|pixel_clk_pll|altera_pll_i|cyclonev_pll|counter[0].output_counter|divclk'
Slack : 1.372
TNS   : 0.000

Type  : Slow 1100mV 0C Model Removal 'i_system_bd|pixel_clk_pll|altera_pll_i|cyclonev_pll|counter[1].output_counter|divclk'
Slack : 1.458
TNS   : 0.000

Type  : Slow 1100mV 0C Model Minimum Pulse Width 'i_system_bd|pixel_clk_pll|altera_pll_i|cyclonev_pll|fpll_0|fpll|vcoph[0]'
Slack : 0.384
TNS   : 0.000

Type  : Slow 1100mV 0C Model Minimum Pulse Width 'system_bd:i_system_bd|system_bd_sys_hps:sys_hps|system_bd_sys_hps_hps_io:hps_io|system_bd_sys_hps_hps_io_border:border|hps_sdram:hps_sdram_inst|hps_sdram_pll:pll|pll_write_clk_dq_write_clk'
Slack : 0.399
TNS   : 0.000

Type  : Slow 1100mV 0C Model Minimum Pulse Width 'system_bd:i_system_bd|system_bd_sys_hps:sys_hps|system_bd_sys_hps_hps_io:hps_io|system_bd_sys_hps_hps_io_border:border|hps_sdram:hps_sdram_inst|hps_sdram_pll:pll|afi_clk_write_clk'
Slack : 0.420
TNS   : 0.000

Type  : Slow 1100mV 0C Model Minimum Pulse Width 'i_system_bd|pixel_clk_pll|altera_pll_i|cyclonev_pll|counter[1].output_counter|divclk'
Slack : 3.326
TNS   : 0.000

Type  : Slow 1100mV 0C Model Minimum Pulse Width 'i_system_bd|sys_hps|fpga_interfaces|clocks_resets|h2f_user0_clk'
Slack : 4.605
TNS   : 0.000

Type  : Slow 1100mV 0C Model Minimum Pulse Width 'i_system_bd|pixel_clk_pll|altera_pll_i|cyclonev_pll|counter[0].output_counter|divclk'
Slack : 6.019
TNS   : 0.000

Type  : Slow 1100mV 0C Model Minimum Pulse Width 'sys_clk'
Slack : 8.140
TNS   : 0.000

Type  : Slow 1100mV 0C Model Minimum Pulse Width 'altera_reserved_tck'
Slack : 15.001
TNS   : 0.000

Type  : Fast 1100mV 85C Model Setup 'system_bd:i_system_bd|system_bd_sys_hps:sys_hps|system_bd_sys_hps_hps_io:hps_io|system_bd_sys_hps_hps_io_border:border|hps_sdram:hps_sdram_inst|hps_sdram_pll:pll|afi_clk_write_clk'
Slack : 2.110
TNS   : 0.000

Type  : Fast 1100mV 85C Model Setup 'i_system_bd|pixel_clk_pll|altera_pll_i|cyclonev_pll|counter[1].output_counter|divclk'
Slack : 6.767
TNS   : 0.000

Type  : Fast 1100mV 85C Model Setup 'sys_clk'
Slack : 7.511
TNS   : 0.000

Type  : Fast 1100mV 85C Model Setup 'i_system_bd|sys_hps|fpga_interfaces|clocks_resets|h2f_user0_clk'
Slack : 9.306
TNS   : 0.000

Type  : Fast 1100mV 85C Model Setup 'i_system_bd|pixel_clk_pll|altera_pll_i|cyclonev_pll|counter[0].output_counter|divclk'
Slack : 11.357
TNS   : 0.000

Type  : Fast 1100mV 85C Model Setup 'altera_reserved_tck'
Slack : 13.149
TNS   : 0.000

Type  : Fast 1100mV 85C Model Hold 'system_bd:i_system_bd|system_bd_sys_hps:sys_hps|system_bd_sys_hps_hps_io:hps_io|system_bd_sys_hps_hps_io_border:border|hps_sdram:hps_sdram_inst|hps_sdram_pll:pll|afi_clk_write_clk'
Slack : 0.084
TNS   : 0.000

Type  : Fast 1100mV 85C Model Hold 'sys_clk'
Slack : 0.118
TNS   : 0.000

Type  : Fast 1100mV 85C Model Hold 'i_system_bd|sys_hps|fpga_interfaces|clocks_resets|h2f_user0_clk'
Slack : 0.152
TNS   : 0.000

Type  : Fast 1100mV 85C Model Hold 'i_system_bd|pixel_clk_pll|altera_pll_i|cyclonev_pll|counter[0].output_counter|divclk'
Slack : 0.157
TNS   : 0.000

Type  : Fast 1100mV 85C Model Hold 'altera_reserved_tck'
Slack : 0.174
TNS   : 0.000

Type  : Fast 1100mV 85C Model Hold 'i_system_bd|pixel_clk_pll|altera_pll_i|cyclonev_pll|counter[1].output_counter|divclk'
Slack : 0.176
TNS   : 0.000

Type  : Fast 1100mV 85C Model Recovery 'system_bd:i_system_bd|system_bd_sys_hps:sys_hps|system_bd_sys_hps_hps_io:hps_io|system_bd_sys_hps_hps_io_border:border|hps_sdram:hps_sdram_inst|hps_sdram_pll:pll|afi_clk_write_clk'
Slack : 3.727
TNS   : 0.000

Type  : Fast 1100mV 85C Model Recovery 'i_system_bd|pixel_clk_pll|altera_pll_i|cyclonev_pll|counter[1].output_counter|divclk'
Slack : 8.783
TNS   : 0.000

Type  : Fast 1100mV 85C Model Recovery 'i_system_bd|pixel_clk_pll|altera_pll_i|cyclonev_pll|counter[0].output_counter|divclk'
Slack : 13.504
TNS   : 0.000

Type  : Fast 1100mV 85C Model Recovery 'sys_clk'
Slack : 15.155
TNS   : 0.000

Type  : Fast 1100mV 85C Model Recovery 'altera_reserved_tck'
Slack : 31.537
TNS   : 0.000

Type  : Fast 1100mV 85C Model Removal 'sys_clk'
Slack : 0.296
TNS   : 0.000

Type  : Fast 1100mV 85C Model Removal 'altera_reserved_tck'
Slack : 0.325
TNS   : 0.000

Type  : Fast 1100mV 85C Model Removal 'system_bd:i_system_bd|system_bd_sys_hps:sys_hps|system_bd_sys_hps_hps_io:hps_io|system_bd_sys_hps_hps_io_border:border|hps_sdram:hps_sdram_inst|hps_sdram_pll:pll|afi_clk_write_clk'
Slack : 0.497
TNS   : 0.000

Type  : Fast 1100mV 85C Model Removal 'i_system_bd|pixel_clk_pll|altera_pll_i|cyclonev_pll|counter[0].output_counter|divclk'
Slack : 0.575
TNS   : 0.000

Type  : Fast 1100mV 85C Model Removal 'i_system_bd|pixel_clk_pll|altera_pll_i|cyclonev_pll|counter[1].output_counter|divclk'
Slack : 0.633
TNS   : 0.000

Type  : Fast 1100mV 85C Model Minimum Pulse Width 'i_system_bd|pixel_clk_pll|altera_pll_i|cyclonev_pll|fpll_0|fpll|vcoph[0]'
Slack : 0.384
TNS   : 0.000

Type  : Fast 1100mV 85C Model Minimum Pulse Width 'system_bd:i_system_bd|system_bd_sys_hps:sys_hps|system_bd_sys_hps_hps_io:hps_io|system_bd_sys_hps_hps_io_border:border|hps_sdram:hps_sdram_inst|hps_sdram_pll:pll|pll_write_clk_dq_write_clk'
Slack : 0.883
TNS   : 0.000

Type  : Fast 1100mV 85C Model Minimum Pulse Width 'system_bd:i_system_bd|system_bd_sys_hps:sys_hps|system_bd_sys_hps_hps_io:hps_io|system_bd_sys_hps_hps_io_border:border|hps_sdram:hps_sdram_inst|hps_sdram_pll:pll|afi_clk_write_clk'
Slack : 0.891
TNS   : 0.000

Type  : Fast 1100mV 85C Model Minimum Pulse Width 'i_system_bd|pixel_clk_pll|altera_pll_i|cyclonev_pll|counter[1].output_counter|divclk'
Slack : 3.884
TNS   : 0.000

Type  : Fast 1100mV 85C Model Minimum Pulse Width 'i_system_bd|sys_hps|fpga_interfaces|clocks_resets|h2f_user0_clk'
Slack : 5.156
TNS   : 0.000

Type  : Fast 1100mV 85C Model Minimum Pulse Width 'i_system_bd|pixel_clk_pll|altera_pll_i|cyclonev_pll|counter[0].output_counter|divclk'
Slack : 6.575
TNS   : 0.000

Type  : Fast 1100mV 85C Model Minimum Pulse Width 'sys_clk'
Slack : 8.854
TNS   : 0.000

Type  : Fast 1100mV 85C Model Minimum Pulse Width 'altera_reserved_tck'
Slack : 14.847
TNS   : 0.000

Type  : Fast 1100mV 0C Model Setup 'system_bd:i_system_bd|system_bd_sys_hps:sys_hps|system_bd_sys_hps_hps_io:hps_io|system_bd_sys_hps_hps_io_border:border|hps_sdram:hps_sdram_inst|hps_sdram_pll:pll|afi_clk_write_clk'
Slack : 2.110
TNS   : 0.000

Type  : Fast 1100mV 0C Model Setup 'i_system_bd|pixel_clk_pll|altera_pll_i|cyclonev_pll|counter[1].output_counter|divclk'
Slack : 7.045
TNS   : 0.000

Type  : Fast 1100mV 0C Model Setup 'sys_clk'
Slack : 7.827
TNS   : 0.000

Type  : Fast 1100mV 0C Model Setup 'i_system_bd|sys_hps|fpga_interfaces|clocks_resets|h2f_user0_clk'
Slack : 9.589
TNS   : 0.000

Type  : Fast 1100mV 0C Model Setup 'i_system_bd|pixel_clk_pll|altera_pll_i|cyclonev_pll|counter[0].output_counter|divclk'
Slack : 11.877
TNS   : 0.000

Type  : Fast 1100mV 0C Model Setup 'altera_reserved_tck'
Slack : 13.588
TNS   : 0.000

Type  : Fast 1100mV 0C Model Hold 'i_system_bd|pixel_clk_pll|altera_pll_i|cyclonev_pll|counter[0].output_counter|divclk'
Slack : 0.058
TNS   : 0.000

Type  : Fast 1100mV 0C Model Hold 'system_bd:i_system_bd|system_bd_sys_hps:sys_hps|system_bd_sys_hps_hps_io:hps_io|system_bd_sys_hps_hps_io_border:border|hps_sdram:hps_sdram_inst|hps_sdram_pll:pll|afi_clk_write_clk'
Slack : 0.077
TNS   : 0.000

Type  : Fast 1100mV 0C Model Hold 'i_system_bd|sys_hps|fpga_interfaces|clocks_resets|h2f_user0_clk'
Slack : 0.089
TNS   : 0.000

Type  : Fast 1100mV 0C Model Hold 'sys_clk'
Slack : 0.111
TNS   : 0.000

Type  : Fast 1100mV 0C Model Hold 'i_system_bd|pixel_clk_pll|altera_pll_i|cyclonev_pll|counter[1].output_counter|divclk'
Slack : 0.123
TNS   : 0.000

Type  : Fast 1100mV 0C Model Hold 'altera_reserved_tck'
Slack : 0.166
TNS   : 0.000

Type  : Fast 1100mV 0C Model Recovery 'system_bd:i_system_bd|system_bd_sys_hps:sys_hps|system_bd_sys_hps_hps_io:hps_io|system_bd_sys_hps_hps_io_border:border|hps_sdram:hps_sdram_inst|hps_sdram_pll:pll|afi_clk_write_clk'
Slack : 3.825
TNS   : 0.000

Type  : Fast 1100mV 0C Model Recovery 'i_system_bd|pixel_clk_pll|altera_pll_i|cyclonev_pll|counter[1].output_counter|divclk'
Slack : 8.913
TNS   : 0.000

Type  : Fast 1100mV 0C Model Recovery 'i_system_bd|pixel_clk_pll|altera_pll_i|cyclonev_pll|counter[0].output_counter|divclk'
Slack : 13.739
TNS   : 0.000

Type  : Fast 1100mV 0C Model Recovery 'sys_clk'
Slack : 15.454
TNS   : 0.000

Type  : Fast 1100mV 0C Model Recovery 'altera_reserved_tck'
Slack : 31.702
TNS   : 0.000

Type  : Fast 1100mV 0C Model Removal 'sys_clk'
Slack : 0.272
TNS   : 0.000

Type  : Fast 1100mV 0C Model Removal 'altera_reserved_tck'
Slack : 0.306
TNS   : 0.000

Type  : Fast 1100mV 0C Model Removal 'system_bd:i_system_bd|system_bd_sys_hps:sys_hps|system_bd_sys_hps_hps_io:hps_io|system_bd_sys_hps_hps_io_border:border|hps_sdram:hps_sdram_inst|hps_sdram_pll:pll|afi_clk_write_clk'
Slack : 0.473
TNS   : 0.000

Type  : Fast 1100mV 0C Model Removal 'i_system_bd|pixel_clk_pll|altera_pll_i|cyclonev_pll|counter[0].output_counter|divclk'
Slack : 0.525
TNS   : 0.000

Type  : Fast 1100mV 0C Model Removal 'i_system_bd|pixel_clk_pll|altera_pll_i|cyclonev_pll|counter[1].output_counter|divclk'
Slack : 0.571
TNS   : 0.000

Type  : Fast 1100mV 0C Model Minimum Pulse Width 'i_system_bd|pixel_clk_pll|altera_pll_i|cyclonev_pll|fpll_0|fpll|vcoph[0]'
Slack : 0.384
TNS   : 0.000

Type  : Fast 1100mV 0C Model Minimum Pulse Width 'system_bd:i_system_bd|system_bd_sys_hps:sys_hps|system_bd_sys_hps_hps_io:hps_io|system_bd_sys_hps_hps_io_border:border|hps_sdram:hps_sdram_inst|hps_sdram_pll:pll|pll_write_clk_dq_write_clk'
Slack : 0.887
TNS   : 0.000

Type  : Fast 1100mV 0C Model Minimum Pulse Width 'system_bd:i_system_bd|system_bd_sys_hps:sys_hps|system_bd_sys_hps_hps_io:hps_io|system_bd_sys_hps_hps_io_border:border|hps_sdram:hps_sdram_inst|hps_sdram_pll:pll|afi_clk_write_clk'
Slack : 0.894
TNS   : 0.000

Type  : Fast 1100mV 0C Model Minimum Pulse Width 'i_system_bd|pixel_clk_pll|altera_pll_i|cyclonev_pll|counter[1].output_counter|divclk'
Slack : 3.885
TNS   : 0.000

Type  : Fast 1100mV 0C Model Minimum Pulse Width 'i_system_bd|sys_hps|fpga_interfaces|clocks_resets|h2f_user0_clk'
Slack : 5.157
TNS   : 0.000

Type  : Fast 1100mV 0C Model Minimum Pulse Width 'i_system_bd|pixel_clk_pll|altera_pll_i|cyclonev_pll|counter[0].output_counter|divclk'
Slack : 6.576
TNS   : 0.000

Type  : Fast 1100mV 0C Model Minimum Pulse Width 'sys_clk'
Slack : 8.858
TNS   : 0.000

Type  : Fast 1100mV 0C Model Minimum Pulse Width 'altera_reserved_tck'
Slack : 14.836
TNS   : 0.000

------------------------------------------------------------
Info: see the "DDR report" for DDR timing results
------------------------------------------------------------
------------------------------------------------------------
