------------------------------------------------------------
Timing Analyzer Summary
------------------------------------------------------------

Type  : Slow 1100mV 85C Model Setup 'i_system_bd|axi_ad9361|i_dev_if|i_axi_ad9361_lvds_if_c5|i_altlvds_rx|auto_generated|pll_fclk~PLL_OUTPUT_COUNTER|divclk'
Slack : 1.391
TNS   : 0.000

Type  : Slow 1100mV 85C Model Setup 'system_bd:i_system_bd|system_bd_sys_hps:sys_hps|system_bd_sys_hps_hps_io:hps_io|system_bd_sys_hps_hps_io_border:border|hps_sdram:hps_sdram_inst|hps_sdram_pll:pll|afi_clk_write_clk'
Slack : 1.435
TNS   : 0.000

Type  : Slow 1100mV 85C Model Setup 'i_system_bd|axi_ad9361|i_dev_if|i_axi_ad9361_lvds_if_c5|i_altlvds_rx|auto_generated|pll_sclk~PLL_OUTPUT_COUNTER|divclk'
Slack : 2.109
TNS   : 0.000

Type  : Slow 1100mV 85C Model Setup 'i_system_bd|pixel_clk_pll|altera_pll_i|cyclonev_pll|counter[1].output_counter|divclk'
Slack : 2.165
TNS   : 0.000

Type  : Slow 1100mV 85C Model Setup 'i_system_bd|sys_hps|fpga_interfaces|clocks_resets|h2f_user0_clk'
Slack : 3.853
TNS   : 0.000

Type  : Slow 1100mV 85C Model Setup 'sys_clk'
Slack : 4.161
TNS   : 0.000

Type  : Slow 1100mV 85C Model Setup 'i_system_bd|pixel_clk_pll|altera_pll_i|cyclonev_pll|counter[0].output_counter|divclk'
Slack : 6.821
TNS   : 0.000

Type  : Slow 1100mV 85C Model Hold 'system_bd:i_system_bd|system_bd_sys_hps:sys_hps|system_bd_sys_hps_hps_io:hps_io|system_bd_sys_hps_hps_io_border:border|hps_sdram:hps_sdram_inst|hps_sdram_pll:pll|afi_clk_write_clk'
Slack : 0.188
TNS   : 0.000

Type  : Slow 1100mV 85C Model Hold 'sys_clk'
Slack : 0.274
TNS   : 0.000

Type  : Slow 1100mV 85C Model Hold 'i_system_bd|axi_ad9361|i_dev_if|i_axi_ad9361_lvds_if_c5|i_altlvds_rx|auto_generated|pll_sclk~PLL_OUTPUT_COUNTER|divclk'
Slack : 0.292
TNS   : 0.000

Type  : Slow 1100mV 85C Model Hold 'i_system_bd|sys_hps|fpga_interfaces|clocks_resets|h2f_user0_clk'
Slack : 0.396
TNS   : 0.000

Type  : Slow 1100mV 85C Model Hold 'i_system_bd|pixel_clk_pll|altera_pll_i|cyclonev_pll|counter[0].output_counter|divclk'
Slack : 0.426
TNS   : 0.000

Type  : Slow 1100mV 85C Model Hold 'i_system_bd|pixel_clk_pll|altera_pll_i|cyclonev_pll|counter[1].output_counter|divclk'
Slack : 0.472
TNS   : 0.000

Type  : Slow 1100mV 85C Model Hold 'i_system_bd|axi_ad9361|i_dev_if|i_axi_ad9361_lvds_if_c5|i_altlvds_rx|auto_generated|pll_fclk~PLL_OUTPUT_COUNTER|divclk'
Slack : 2.265
TNS   : 0.000

Type  : Slow 1100mV 85C Model Recovery 'i_system_bd|axi_ad9361|i_dev_if|i_axi_ad9361_lvds_if_c5|i_altlvds_rx|auto_generated|pll_sclk~PLL_OUTPUT_COUNTER|divclk'
Slack : 2.788
TNS   : 0.000

Type  : Slow 1100mV 85C Model Recovery 'system_bd:i_system_bd|system_bd_sys_hps:sys_hps|system_bd_sys_hps_hps_io:hps_io|system_bd_sys_hps_hps_io_border:border|hps_sdram:hps_sdram_inst|hps_sdram_pll:pll|afi_clk_write_clk'
Slack : 2.839
TNS   : 0.000

Type  : Slow 1100mV 85C Model Recovery 'i_system_bd|pixel_clk_pll|altera_pll_i|cyclonev_pll|counter[1].output_counter|divclk'
Slack : 5.761
TNS   : 0.000

Type  : Slow 1100mV 85C Model Recovery 'sys_clk'
Slack : 9.926
TNS   : 0.000

Type  : Slow 1100mV 85C Model Recovery 'i_system_bd|pixel_clk_pll|altera_pll_i|cyclonev_pll|counter[0].output_counter|divclk'
Slack : 10.688
TNS   : 0.000

Type  : Slow 1100mV 85C Model Removal 'system_bd:i_system_bd|system_bd_sys_hps:sys_hps|system_bd_sys_hps_hps_io:hps_io|system_bd_sys_hps_hps_io_border:border|hps_sdram:hps_sdram_inst|hps_sdram_pll:pll|afi_clk_write_clk'
Slack : 0.593
TNS   : 0.000

Type  : Slow 1100mV 85C Model Removal 'i_system_bd|axi_ad9361|i_dev_if|i_axi_ad9361_lvds_if_c5|i_altlvds_rx|auto_generated|pll_sclk~PLL_OUTPUT_COUNTER|divclk'
Slack : 0.722
TNS   : 0.000

Type  : Slow 1100mV 85C Model Removal 'i_system_bd|pixel_clk_pll|altera_pll_i|cyclonev_pll|counter[0].output_counter|divclk'
Slack : 1.462
TNS   : 0.000

Type  : Slow 1100mV 85C Model Removal 'i_system_bd|pixel_clk_pll|altera_pll_i|cyclonev_pll|counter[1].output_counter|divclk'
Slack : 1.669
TNS   : 0.000

Type  : Slow 1100mV 85C Model Removal 'sys_clk'
Slack : 1.796
TNS   : 0.000

Type  : Slow 1100mV 85C Model Minimum Pulse Width 'i_system_bd|pixel_clk_pll|altera_pll_i|cyclonev_pll|fpll_0|fpll|vcoph[0]'
Slack : 0.384
TNS   : 0.000

Type  : Slow 1100mV 85C Model Minimum Pulse Width 'system_bd:i_system_bd|system_bd_sys_hps:sys_hps|system_bd_sys_hps_hps_io:hps_io|system_bd_sys_hps_hps_io_border:border|hps_sdram:hps_sdram_inst|hps_sdram_pll:pll|pll_write_clk_dq_write_clk'
Slack : 0.390
TNS   : 0.000

Type  : Slow 1100mV 85C Model Minimum Pulse Width 'system_bd:i_system_bd|system_bd_sys_hps:sys_hps|system_bd_sys_hps_hps_io:hps_io|system_bd_sys_hps_hps_io_border:border|hps_sdram:hps_sdram_inst|hps_sdram_pll:pll|afi_clk_write_clk'
Slack : 0.406
TNS   : 0.000

Type  : Slow 1100mV 85C Model Minimum Pulse Width 'i_system_bd|axi_ad9361|i_dev_if|i_axi_ad9361_lvds_if_c5|i_altlvds_rx|auto_generated|pll_fclk~PLL_OUTPUT_COUNTER|divclk'
Slack : 0.987
TNS   : 0.000

Type  : Slow 1100mV 85C Model Minimum Pulse Width 'i_system_bd|axi_ad9361|i_dev_if|i_axi_ad9361_lvds_if_c5|i_altlvds_rx|auto_generated|pll_sclk~FRACTIONAL_PLL|vcoph[0]'
Slack : 1.000
TNS   : 0.000

Type  : Slow 1100mV 85C Model Minimum Pulse Width 'rx_clk'
Slack : 1.969
TNS   : 0.000

Type  : Slow 1100mV 85C Model Minimum Pulse Width 'i_system_bd|axi_ad9361|i_dev_if|i_axi_ad9361_lvds_if_c5|i_altlvds_rx|auto_generated|pll_sclk~PLL_OUTPUT_COUNTER|divclk'
Slack : 2.365
TNS   : 0.000

Type  : Slow 1100mV 85C Model Minimum Pulse Width 'i_system_bd|pixel_clk_pll|altera_pll_i|cyclonev_pll|counter[1].output_counter|divclk'
Slack : 3.389
TNS   : 0.000

Type  : Slow 1100mV 85C Model Minimum Pulse Width 'i_system_bd|sys_hps|fpga_interfaces|clocks_resets|h2f_user0_clk'
Slack : 4.630
TNS   : 0.000

Type  : Slow 1100mV 85C Model Minimum Pulse Width 'i_system_bd|pixel_clk_pll|altera_pll_i|cyclonev_pll|counter[0].output_counter|divclk'
Slack : 6.090
TNS   : 0.000

Type  : Slow 1100mV 85C Model Minimum Pulse Width 'sys_clk'
Slack : 8.213
TNS   : 0.000

Type  : Slow 1100mV 0C Model Setup 'system_bd:i_system_bd|system_bd_sys_hps:sys_hps|system_bd_sys_hps_hps_io:hps_io|system_bd_sys_hps_hps_io_border:border|hps_sdram:hps_sdram_inst|hps_sdram_pll:pll|afi_clk_write_clk'
Slack : 1.408
TNS   : 0.000

Type  : Slow 1100mV 0C Model Setup 'i_system_bd|axi_ad9361|i_dev_if|i_axi_ad9361_lvds_if_c5|i_altlvds_rx|auto_generated|pll_fclk~PLL_OUTPUT_COUNTER|divclk'
Slack : 1.673
TNS   : 0.000

Type  : Slow 1100mV 0C Model Setup 'i_system_bd|pixel_clk_pll|altera_pll_i|cyclonev_pll|counter[1].output_counter|divclk'
Slack : 2.165
TNS   : 0.000

Type  : Slow 1100mV 0C Model Setup 'i_system_bd|axi_ad9361|i_dev_if|i_axi_ad9361_lvds_if_c5|i_altlvds_rx|auto_generated|pll_sclk~PLL_OUTPUT_COUNTER|divclk'
Slack : 2.222
TNS   : 0.000

Type  : Slow 1100mV 0C Model Setup 'i_system_bd|sys_hps|fpga_interfaces|clocks_resets|h2f_user0_clk'
Slack : 3.982
TNS   : 0.000

Type  : Slow 1100mV 0C Model Setup 'sys_clk'
Slack : 4.094
TNS   : 0.000

Type  : Slow 1100mV 0C Model Setup 'i_system_bd|pixel_clk_pll|altera_pll_i|cyclonev_pll|counter[0].output_counter|divclk'
Slack : 7.066
TNS   : 0.000

Type  : Slow 1100mV 0C Model Hold 'i_system_bd|axi_ad9361|i_dev_if|i_axi_ad9361_lvds_if_c5|i_altlvds_rx|auto_generated|pll_sclk~PLL_OUTPUT_COUNTER|divclk'
Slack : 0.135
TNS   : 0.000

Type  : Slow 1100mV 0C Model Hold 'i_system_bd|sys_hps|fpga_interfaces|clocks_resets|h2f_user0_clk'
Slack : 0.218
TNS   : 0.000

Type  : Slow 1100mV 0C Model Hold 'system_bd:i_system_bd|system_bd_sys_hps:sys_hps|system_bd_sys_hps_hps_io:hps_io|system_bd_sys_hps_hps_io_border:border|hps_sdram:hps_sdram_inst|hps_sdram_pll:pll|afi_clk_write_clk'
Slack : 0.228
TNS   : 0.000

Type  : Slow 1100mV 0C Model Hold 'i_system_bd|pixel_clk_pll|altera_pll_i|cyclonev_pll|counter[0].output_counter|divclk'
Slack : 0.238
TNS   : 0.000

Type  : Slow 1100mV 0C Model Hold 'sys_clk'
Slack : 0.264
TNS   : 0.000

Type  : Slow 1100mV 0C Model Hold 'i_system_bd|pixel_clk_pll|altera_pll_i|cyclonev_pll|counter[1].output_counter|divclk'
Slack : 0.455
TNS   : 0.000

Type  : Slow 1100mV 0C Model Hold 'i_system_bd|axi_ad9361|i_dev_if|i_axi_ad9361_lvds_if_c5|i_altlvds_rx|auto_generated|pll_fclk~PLL_OUTPUT_COUNTER|divclk'
Slack : 2.117
TNS   : 0.000

Type  : Slow 1100mV 0C Model Recovery 'i_system_bd|axi_ad9361|i_dev_if|i_axi_ad9361_lvds_if_c5|i_altlvds_rx|auto_generated|pll_sclk~PLL_OUTPUT_COUNTER|divclk'
Slack : 2.938
TNS   : 0.000

Type  : Slow 1100mV 0C Model Recovery 'system_bd:i_system_bd|system_bd_sys_hps:sys_hps|system_bd_sys_hps_hps_io:hps_io|system_bd_sys_hps_hps_io_border:border|hps_sdram:hps_sdram_inst|hps_sdram_pll:pll|afi_clk_write_clk'
Slack : 3.037
TNS   : 0.000

Type  : Slow 1100mV 0C Model Recovery 'i_system_bd|pixel_clk_pll|altera_pll_i|cyclonev_pll|counter[1].output_counter|divclk'
Slack : 5.879
TNS   : 0.000

Type  : Slow 1100mV 0C Model Recovery 'sys_clk'
Slack : 10.031
TNS   : 0.000

Type  : Slow 1100mV 0C Model Recovery 'i_system_bd|pixel_clk_pll|altera_pll_i|cyclonev_pll|counter[0].output_counter|divclk'
Slack : 10.887
TNS   : 0.000

Type  : Slow 1100mV 0C Model Removal 'system_bd:i_system_bd|system_bd_sys_hps:sys_hps|system_bd_sys_hps_hps_io:hps_io|system_bd_sys_hps_hps_io_border:border|hps_sdram:hps_sdram_inst|hps_sdram_pll:pll|afi_clk_write_clk'
Slack : 0.564
TNS   : 0.000

Type  : Slow 1100mV 0C Model Removal 'i_system_bd|axi_ad9361|i_dev_if|i_axi_ad9361_lvds_if_c5|i_altlvds_rx|auto_generated|pll_sclk~PLL_OUTPUT_COUNTER|divclk'
Slack : 0.652
TNS   : 0.000

Type  : Slow 1100mV 0C Model Removal 'i_system_bd|pixel_clk_pll|altera_pll_i|cyclonev_pll|counter[0].output_counter|divclk'
Slack : 1.402
TNS   : 0.000

Type  : Slow 1100mV 0C Model Removal 'i_system_bd|pixel_clk_pll|altera_pll_i|cyclonev_pll|counter[1].output_counter|divclk'
Slack : 1.513
TNS   : 0.000

Type  : Slow 1100mV 0C Model Removal 'sys_clk'
Slack : 1.677
TNS   : 0.000

Type  : Slow 1100mV 0C Model Minimum Pulse Width 'i_system_bd|pixel_clk_pll|altera_pll_i|cyclonev_pll|fpll_0|fpll|vcoph[0]'
Slack : 0.384
TNS   : 0.000

Type  : Slow 1100mV 0C Model Minimum Pulse Width 'system_bd:i_system_bd|system_bd_sys_hps:sys_hps|system_bd_sys_hps_hps_io:hps_io|system_bd_sys_hps_hps_io_border:border|hps_sdram:hps_sdram_inst|hps_sdram_pll:pll|pll_write_clk_dq_write_clk'
Slack : 0.399
TNS   : 0.000

Type  : Slow 1100mV 0C Model Minimum Pulse Width 'system_bd:i_system_bd|system_bd_sys_hps:sys_hps|system_bd_sys_hps_hps_io:hps_io|system_bd_sys_hps_hps_io_border:border|hps_sdram:hps_sdram_inst|hps_sdram_pll:pll|afi_clk_write_clk'
Slack : 0.420
TNS   : 0.000

Type  : Slow 1100mV 0C Model Minimum Pulse Width 'i_system_bd|axi_ad9361|i_dev_if|i_axi_ad9361_lvds_if_c5|i_altlvds_rx|auto_generated|pll_fclk~PLL_OUTPUT_COUNTER|divclk'
Slack : 0.993
TNS   : 0.000

Type  : Slow 1100mV 0C Model Minimum Pulse Width 'i_system_bd|axi_ad9361|i_dev_if|i_axi_ad9361_lvds_if_c5|i_altlvds_rx|auto_generated|pll_sclk~FRACTIONAL_PLL|vcoph[0]'
Slack : 1.000
TNS   : 0.000

Type  : Slow 1100mV 0C Model Minimum Pulse Width 'rx_clk'
Slack : 1.973
TNS   : 0.000

Type  : Slow 1100mV 0C Model Minimum Pulse Width 'i_system_bd|axi_ad9361|i_dev_if|i_axi_ad9361_lvds_if_c5|i_altlvds_rx|auto_generated|pll_sclk~PLL_OUTPUT_COUNTER|divclk'
Slack : 2.335
TNS   : 0.000

Type  : Slow 1100mV 0C Model Minimum Pulse Width 'i_system_bd|pixel_clk_pll|altera_pll_i|cyclonev_pll|counter[1].output_counter|divclk'
Slack : 3.360
TNS   : 0.000

Type  : Slow 1100mV 0C Model Minimum Pulse Width 'i_system_bd|sys_hps|fpga_interfaces|clocks_resets|h2f_user0_clk'
Slack : 4.591
TNS   : 0.000

Type  : Slow 1100mV 0C Model Minimum Pulse Width 'i_system_bd|pixel_clk_pll|altera_pll_i|cyclonev_pll|counter[0].output_counter|divclk'
Slack : 6.053
TNS   : 0.000

Type  : Slow 1100mV 0C Model Minimum Pulse Width 'sys_clk'
Slack : 8.151
TNS   : 0.000

Type  : Fast 1100mV 85C Model Setup 'system_bd:i_system_bd|system_bd_sys_hps:sys_hps|system_bd_sys_hps_hps_io:hps_io|system_bd_sys_hps_hps_io_border:border|hps_sdram:hps_sdram_inst|hps_sdram_pll:pll|afi_clk_write_clk'
Slack : 2.110
TNS   : 0.000

Type  : Fast 1100mV 85C Model Setup 'i_system_bd|axi_ad9361|i_dev_if|i_axi_ad9361_lvds_if_c5|i_altlvds_rx|auto_generated|pll_sclk~PLL_OUTPUT_COUNTER|divclk'
Slack : 3.240
TNS   : 0.000

Type  : Fast 1100mV 85C Model Setup 'i_system_bd|axi_ad9361|i_dev_if|i_axi_ad9361_lvds_if_c5|i_altlvds_rx|auto_generated|pll_fclk~PLL_OUTPUT_COUNTER|divclk'
Slack : 3.832
TNS   : 0.000

Type  : Fast 1100mV 85C Model Setup 'i_system_bd|pixel_clk_pll|altera_pll_i|cyclonev_pll|counter[1].output_counter|divclk'
Slack : 5.686
TNS   : 0.000

Type  : Fast 1100mV 85C Model Setup 'i_system_bd|sys_hps|fpga_interfaces|clocks_resets|h2f_user0_clk'
Slack : 7.795
TNS   : 0.000

Type  : Fast 1100mV 85C Model Setup 'i_system_bd|pixel_clk_pll|altera_pll_i|cyclonev_pll|counter[0].output_counter|divclk'
Slack : 10.892
TNS   : 0.000

Type  : Fast 1100mV 85C Model Setup 'sys_clk'
Slack : 11.919
TNS   : 0.000

Type  : Fast 1100mV 85C Model Hold 'system_bd:i_system_bd|system_bd_sys_hps:sys_hps|system_bd_sys_hps_hps_io:hps_io|system_bd_sys_hps_hps_io_border:border|hps_sdram:hps_sdram_inst|hps_sdram_pll:pll|afi_clk_write_clk'
Slack : 0.084
TNS   : 0.000

Type  : Fast 1100mV 85C Model Hold 'sys_clk'
Slack : 0.117
TNS   : 0.000

Type  : Fast 1100mV 85C Model Hold 'i_system_bd|axi_ad9361|i_dev_if|i_axi_ad9361_lvds_if_c5|i_altlvds_rx|auto_generated|pll_sclk~PLL_OUTPUT_COUNTER|divclk'
Slack : 0.130
TNS   : 0.000

Type  : Fast 1100mV 85C Model Hold 'i_system_bd|pixel_clk_pll|altera_pll_i|cyclonev_pll|counter[0].output_counter|divclk'
Slack : 0.169
TNS   : 0.000

Type  : Fast 1100mV 85C Model Hold 'i_system_bd|sys_hps|fpga_interfaces|clocks_resets|h2f_user0_clk'
Slack : 0.176
TNS   : 0.000

Type  : Fast 1100mV 85C Model Hold 'i_system_bd|pixel_clk_pll|altera_pll_i|cyclonev_pll|counter[1].output_counter|divclk'
Slack : 0.177
TNS   : 0.000

Type  : Fast 1100mV 85C Model Hold 'i_system_bd|axi_ad9361|i_dev_if|i_axi_ad9361_lvds_if_c5|i_altlvds_rx|auto_generated|pll_fclk~PLL_OUTPUT_COUNTER|divclk'
Slack : 2.069
TNS   : 0.000

Type  : Fast 1100mV 85C Model Recovery 'system_bd:i_system_bd|system_bd_sys_hps:sys_hps|system_bd_sys_hps_hps_io:hps_io|system_bd_sys_hps_hps_io_border:border|hps_sdram:hps_sdram_inst|hps_sdram_pll:pll|afi_clk_write_clk'
Slack : 3.727
TNS   : 0.000

Type  : Fast 1100mV 85C Model Recovery 'i_system_bd|axi_ad9361|i_dev_if|i_axi_ad9361_lvds_if_c5|i_altlvds_rx|auto_generated|pll_sclk~PLL_OUTPUT_COUNTER|divclk'
Slack : 5.171
TNS   : 0.000

Type  : Fast 1100mV 85C Model Recovery 'i_system_bd|pixel_clk_pll|altera_pll_i|cyclonev_pll|counter[1].output_counter|divclk'
Slack : 7.793
TNS   : 0.000

Type  : Fast 1100mV 85C Model Recovery 'i_system_bd|pixel_clk_pll|altera_pll_i|cyclonev_pll|counter[0].output_counter|divclk'
Slack : 12.812
TNS   : 0.000

Type  : Fast 1100mV 85C Model Recovery 'sys_clk'
Slack : 15.520
TNS   : 0.000

Type  : Fast 1100mV 85C Model Removal 'i_system_bd|axi_ad9361|i_dev_if|i_axi_ad9361_lvds_if_c5|i_altlvds_rx|auto_generated|pll_sclk~PLL_OUTPUT_COUNTER|divclk'
Slack : 0.313
TNS   : 0.000

Type  : Fast 1100mV 85C Model Removal 'system_bd:i_system_bd|system_bd_sys_hps:sys_hps|system_bd_sys_hps_hps_io:hps_io|system_bd_sys_hps_hps_io_border:border|hps_sdram:hps_sdram_inst|hps_sdram_pll:pll|afi_clk_write_clk'
Slack : 0.497
TNS   : 0.000

Type  : Fast 1100mV 85C Model Removal 'i_system_bd|pixel_clk_pll|altera_pll_i|cyclonev_pll|counter[0].output_counter|divclk'
Slack : 0.571
TNS   : 0.000

Type  : Fast 1100mV 85C Model Removal 'sys_clk'
Slack : 0.682
TNS   : 0.000

Type  : Fast 1100mV 85C Model Removal 'i_system_bd|pixel_clk_pll|altera_pll_i|cyclonev_pll|counter[1].output_counter|divclk'
Slack : 0.749
TNS   : 0.000

Type  : Fast 1100mV 85C Model Minimum Pulse Width 'i_system_bd|pixel_clk_pll|altera_pll_i|cyclonev_pll|fpll_0|fpll|vcoph[0]'
Slack : 0.384
TNS   : 0.000

Type  : Fast 1100mV 85C Model Minimum Pulse Width 'system_bd:i_system_bd|system_bd_sys_hps:sys_hps|system_bd_sys_hps_hps_io:hps_io|system_bd_sys_hps_hps_io_border:border|hps_sdram:hps_sdram_inst|hps_sdram_pll:pll|pll_write_clk_dq_write_clk'
Slack : 0.883
TNS   : 0.000

Type  : Fast 1100mV 85C Model Minimum Pulse Width 'system_bd:i_system_bd|system_bd_sys_hps:sys_hps|system_bd_sys_hps_hps_io:hps_io|system_bd_sys_hps_hps_io_border:border|hps_sdram:hps_sdram_inst|hps_sdram_pll:pll|afi_clk_write_clk'
Slack : 0.891
TNS   : 0.000

Type  : Fast 1100mV 85C Model Minimum Pulse Width 'i_system_bd|axi_ad9361|i_dev_if|i_axi_ad9361_lvds_if_c5|i_altlvds_rx|auto_generated|pll_fclk~PLL_OUTPUT_COUNTER|divclk'
Slack : 0.988
TNS   : 0.000

Type  : Fast 1100mV 85C Model Minimum Pulse Width 'i_system_bd|axi_ad9361|i_dev_if|i_axi_ad9361_lvds_if_c5|i_altlvds_rx|auto_generated|pll_sclk~FRACTIONAL_PLL|vcoph[0]'
Slack : 1.000
TNS   : 0.000

Type  : Fast 1100mV 85C Model Minimum Pulse Width 'rx_clk'
Slack : 1.975
TNS   : 0.000

Type  : Fast 1100mV 85C Model Minimum Pulse Width 'i_system_bd|axi_ad9361|i_dev_if|i_axi_ad9361_lvds_if_c5|i_altlvds_rx|auto_generated|pll_sclk~PLL_OUTPUT_COUNTER|divclk'
Slack : 2.885
TNS   : 0.000

Type  : Fast 1100mV 85C Model Minimum Pulse Width 'i_system_bd|pixel_clk_pll|altera_pll_i|cyclonev_pll|counter[1].output_counter|divclk'
Slack : 3.892
TNS   : 0.000

Type  : Fast 1100mV 85C Model Minimum Pulse Width 'i_system_bd|sys_hps|fpga_interfaces|clocks_resets|h2f_user0_clk'
Slack : 5.154
TNS   : 0.000

Type  : Fast 1100mV 85C Model Minimum Pulse Width 'i_system_bd|pixel_clk_pll|altera_pll_i|cyclonev_pll|counter[0].output_counter|divclk'
Slack : 6.585
TNS   : 0.000

Type  : Fast 1100mV 85C Model Minimum Pulse Width 'sys_clk'
Slack : 8.809
TNS   : 0.000

Type  : Fast 1100mV 0C Model Setup 'system_bd:i_system_bd|system_bd_sys_hps:sys_hps|system_bd_sys_hps_hps_io:hps_io|system_bd_sys_hps_hps_io_border:border|hps_sdram:hps_sdram_inst|hps_sdram_pll:pll|afi_clk_write_clk'
Slack : 2.110
TNS   : 0.000

Type  : Fast 1100mV 0C Model Setup 'i_system_bd|axi_ad9361|i_dev_if|i_axi_ad9361_lvds_if_c5|i_altlvds_rx|auto_generated|pll_sclk~PLL_OUTPUT_COUNTER|divclk'
Slack : 3.288
TNS   : 0.000

Type  : Fast 1100mV 0C Model Setup 'i_system_bd|axi_ad9361|i_dev_if|i_axi_ad9361_lvds_if_c5|i_altlvds_rx|auto_generated|pll_fclk~PLL_OUTPUT_COUNTER|divclk'
Slack : 4.030
TNS   : 0.000

Type  : Fast 1100mV 0C Model Setup 'i_system_bd|pixel_clk_pll|altera_pll_i|cyclonev_pll|counter[1].output_counter|divclk'
Slack : 6.160
TNS   : 0.000

Type  : Fast 1100mV 0C Model Setup 'i_system_bd|sys_hps|fpga_interfaces|clocks_resets|h2f_user0_clk'
Slack : 8.370
TNS   : 0.000

Type  : Fast 1100mV 0C Model Setup 'i_system_bd|pixel_clk_pll|altera_pll_i|cyclonev_pll|counter[0].output_counter|divclk'
Slack : 11.450
TNS   : 0.000

Type  : Fast 1100mV 0C Model Setup 'sys_clk'
Slack : 12.503
TNS   : 0.000

Type  : Fast 1100mV 0C Model Hold 'system_bd:i_system_bd|system_bd_sys_hps:sys_hps|system_bd_sys_hps_hps_io:hps_io|system_bd_sys_hps_hps_io_border:border|hps_sdram:hps_sdram_inst|hps_sdram_pll:pll|afi_clk_write_clk'
Slack : 0.077
TNS   : 0.000

Type  : Fast 1100mV 0C Model Hold 'i_system_bd|axi_ad9361|i_dev_if|i_axi_ad9361_lvds_if_c5|i_altlvds_rx|auto_generated|pll_sclk~PLL_OUTPUT_COUNTER|divclk'
Slack : 0.089
TNS   : 0.000

Type  : Fast 1100mV 0C Model Hold 'i_system_bd|pixel_clk_pll|altera_pll_i|cyclonev_pll|counter[0].output_counter|divclk'
Slack : 0.097
TNS   : 0.000

Type  : Fast 1100mV 0C Model Hold 'sys_clk'
Slack : 0.109
TNS   : 0.000

Type  : Fast 1100mV 0C Model Hold 'i_system_bd|sys_hps|fpga_interfaces|clocks_resets|h2f_user0_clk'
Slack : 0.143
TNS   : 0.000

Type  : Fast 1100mV 0C Model Hold 'i_system_bd|pixel_clk_pll|altera_pll_i|cyclonev_pll|counter[1].output_counter|divclk'
Slack : 0.167
TNS   : 0.000

Type  : Fast 1100mV 0C Model Hold 'i_system_bd|axi_ad9361|i_dev_if|i_axi_ad9361_lvds_if_c5|i_altlvds_rx|auto_generated|pll_fclk~PLL_OUTPUT_COUNTER|divclk'
Slack : 2.012
TNS   : 0.000

Type  : Fast 1100mV 0C Model Recovery 'system_bd:i_system_bd|system_bd_sys_hps:sys_hps|system_bd_sys_hps_hps_io:hps_io|system_bd_sys_hps_hps_io_border:border|hps_sdram:hps_sdram_inst|hps_sdram_pll:pll|afi_clk_write_clk'
Slack : 3.825
TNS   : 0.000

Type  : Fast 1100mV 0C Model Recovery 'i_system_bd|axi_ad9361|i_dev_if|i_axi_ad9361_lvds_if_c5|i_altlvds_rx|auto_generated|pll_sclk~PLL_OUTPUT_COUNTER|divclk'
Slack : 5.506
TNS   : 0.000

Type  : Fast 1100mV 0C Model Recovery 'i_system_bd|pixel_clk_pll|altera_pll_i|cyclonev_pll|counter[1].output_counter|divclk'
Slack : 8.045
TNS   : 0.000

Type  : Fast 1100mV 0C Model Recovery 'i_system_bd|pixel_clk_pll|altera_pll_i|cyclonev_pll|counter[0].output_counter|divclk'
Slack : 13.137
TNS   : 0.000

Type  : Fast 1100mV 0C Model Recovery 'sys_clk'
Slack : 15.754
TNS   : 0.000

Type  : Fast 1100mV 0C Model Removal 'i_system_bd|axi_ad9361|i_dev_if|i_axi_ad9361_lvds_if_c5|i_altlvds_rx|auto_generated|pll_sclk~PLL_OUTPUT_COUNTER|divclk'
Slack : 0.261
TNS   : 0.000

Type  : Fast 1100mV 0C Model Removal 'system_bd:i_system_bd|system_bd_sys_hps:sys_hps|system_bd_sys_hps_hps_io:hps_io|system_bd_sys_hps_hps_io_border:border|hps_sdram:hps_sdram_inst|hps_sdram_pll:pll|afi_clk_write_clk'
Slack : 0.473
TNS   : 0.000

Type  : Fast 1100mV 0C Model Removal 'i_system_bd|pixel_clk_pll|altera_pll_i|cyclonev_pll|counter[0].output_counter|divclk'
Slack : 0.516
TNS   : 0.000

Type  : Fast 1100mV 0C Model Removal 'sys_clk'
Slack : 0.617
TNS   : 0.000

Type  : Fast 1100mV 0C Model Removal 'i_system_bd|pixel_clk_pll|altera_pll_i|cyclonev_pll|counter[1].output_counter|divclk'
Slack : 0.629
TNS   : 0.000

Type  : Fast 1100mV 0C Model Minimum Pulse Width 'i_system_bd|pixel_clk_pll|altera_pll_i|cyclonev_pll|fpll_0|fpll|vcoph[0]'
Slack : 0.384
TNS   : 0.000

Type  : Fast 1100mV 0C Model Minimum Pulse Width 'system_bd:i_system_bd|system_bd_sys_hps:sys_hps|system_bd_sys_hps_hps_io:hps_io|system_bd_sys_hps_hps_io_border:border|hps_sdram:hps_sdram_inst|hps_sdram_pll:pll|pll_write_clk_dq_write_clk'
Slack : 0.887
TNS   : 0.000

Type  : Fast 1100mV 0C Model Minimum Pulse Width 'system_bd:i_system_bd|system_bd_sys_hps:sys_hps|system_bd_sys_hps_hps_io:hps_io|system_bd_sys_hps_hps_io_border:border|hps_sdram:hps_sdram_inst|hps_sdram_pll:pll|afi_clk_write_clk'
Slack : 0.894
TNS   : 0.000

Type  : Fast 1100mV 0C Model Minimum Pulse Width 'i_system_bd|axi_ad9361|i_dev_if|i_axi_ad9361_lvds_if_c5|i_altlvds_rx|auto_generated|pll_fclk~PLL_OUTPUT_COUNTER|divclk'
Slack : 0.988
TNS   : 0.000

Type  : Fast 1100mV 0C Model Minimum Pulse Width 'i_system_bd|axi_ad9361|i_dev_if|i_axi_ad9361_lvds_if_c5|i_altlvds_rx|auto_generated|pll_sclk~FRACTIONAL_PLL|vcoph[0]'
Slack : 1.000
TNS   : 0.000

Type  : Fast 1100mV 0C Model Minimum Pulse Width 'rx_clk'
Slack : 1.983
TNS   : 0.000

Type  : Fast 1100mV 0C Model Minimum Pulse Width 'i_system_bd|axi_ad9361|i_dev_if|i_axi_ad9361_lvds_if_c5|i_altlvds_rx|auto_generated|pll_sclk~PLL_OUTPUT_COUNTER|divclk'
Slack : 2.887
TNS   : 0.000

Type  : Fast 1100mV 0C Model Minimum Pulse Width 'i_system_bd|pixel_clk_pll|altera_pll_i|cyclonev_pll|counter[1].output_counter|divclk'
Slack : 3.892
TNS   : 0.000

Type  : Fast 1100mV 0C Model Minimum Pulse Width 'i_system_bd|sys_hps|fpga_interfaces|clocks_resets|h2f_user0_clk'
Slack : 5.155
TNS   : 0.000

Type  : Fast 1100mV 0C Model Minimum Pulse Width 'i_system_bd|pixel_clk_pll|altera_pll_i|cyclonev_pll|counter[0].output_counter|divclk'
Slack : 6.586
TNS   : 0.000

Type  : Fast 1100mV 0C Model Minimum Pulse Width 'sys_clk'
Slack : 8.811
TNS   : 0.000

------------------------------------------------------------
Info: see the "DDR report" for DDR timing results
------------------------------------------------------------
------------------------------------------------------------
