------------------------------------------------------------
Timing Analyzer Summary
------------------------------------------------------------

Type  : Slow 1100mV 85C Model Setup 'system_bd:i_system_bd|system_bd_sys_hps:sys_hps|system_bd_sys_hps_hps_io:hps_io|system_bd_sys_hps_hps_io_border:border|hps_sdram:hps_sdram_inst|hps_sdram_pll:pll|afi_clk_write_clk'
Slack : 1.435
TNS   : 0.000

Type  : Slow 1100mV 85C Model Setup 'i_system_bd|pixel_clk_pll|altera_pll_i|cyclonev_pll|counter[1].output_counter|divclk'
Slack : 3.270
TNS   : 0.000

Type  : Slow 1100mV 85C Model Setup 'sys_clk'
Slack : 3.856
TNS   : 0.000

Type  : Slow 1100mV 85C Model Setup 'i_system_bd|sys_hps|fpga_interfaces|clocks_resets|h2f_user0_clk'
Slack : 5.517
TNS   : 0.000

Type  : Slow 1100mV 85C Model Setup 'i_system_bd|pixel_clk_pll|altera_pll_i|cyclonev_pll|counter[0].output_counter|divclk'
Slack : 7.561
TNS   : 0.000

Type  : Slow 1100mV 85C Model Hold 'system_bd:i_system_bd|system_bd_sys_hps:sys_hps|system_bd_sys_hps_hps_io:hps_io|system_bd_sys_hps_hps_io_border:border|hps_sdram:hps_sdram_inst|hps_sdram_pll:pll|afi_clk_write_clk'
Slack : 0.188
TNS   : 0.000

Type  : Slow 1100mV 85C Model Hold 'sys_clk'
Slack : 0.274
TNS   : 0.000

Type  : Slow 1100mV 85C Model Hold 'i_system_bd|pixel_clk_pll|altera_pll_i|cyclonev_pll|counter[0].output_counter|divclk'
Slack : 0.404
TNS   : 0.000

Type  : Slow 1100mV 85C Model Hold 'i_system_bd|sys_hps|fpga_interfaces|clocks_resets|h2f_user0_clk'
Slack : 0.436
TNS   : 0.000

Type  : Slow 1100mV 85C Model Hold 'i_system_bd|pixel_clk_pll|altera_pll_i|cyclonev_pll|counter[1].output_counter|divclk'
Slack : 0.437
TNS   : 0.000

Type  : Slow 1100mV 85C Model Recovery 'system_bd:i_system_bd|system_bd_sys_hps:sys_hps|system_bd_sys_hps_hps_io:hps_io|system_bd_sys_hps_hps_io_border:border|hps_sdram:hps_sdram_inst|hps_sdram_pll:pll|afi_clk_write_clk'
Slack : 2.839
TNS   : 0.000

Type  : Slow 1100mV 85C Model Recovery 'i_system_bd|pixel_clk_pll|altera_pll_i|cyclonev_pll|counter[1].output_counter|divclk'
Slack : 6.067
TNS   : 0.000

Type  : Slow 1100mV 85C Model Recovery 'sys_clk'
Slack : 8.037
TNS   : 0.000

Type  : Slow 1100mV 85C Model Recovery 'i_system_bd|pixel_clk_pll|altera_pll_i|cyclonev_pll|counter[0].output_counter|divclk'
Slack : 11.608
TNS   : 0.000

Type  : Slow 1100mV 85C Model Removal 'system_bd:i_system_bd|system_bd_sys_hps:sys_hps|system_bd_sys_hps_hps_io:hps_io|system_bd_sys_hps_hps_io_border:border|hps_sdram:hps_sdram_inst|hps_sdram_pll:pll|afi_clk_write_clk'
Slack : 0.593
TNS   : 0.000

Type  : Slow 1100mV 85C Model Removal 'sys_clk'
Slack : 1.094
TNS   : 0.000

Type  : Slow 1100mV 85C Model Removal 'i_system_bd|pixel_clk_pll|altera_pll_i|cyclonev_pll|counter[0].output_counter|divclk'
Slack : 1.330
TNS   : 0.000

Type  : Slow 1100mV 85C Model Removal 'i_system_bd|pixel_clk_pll|altera_pll_i|cyclonev_pll|counter[1].output_counter|divclk'
Slack : 1.643
TNS   : 0.000

Type  : Slow 1100mV 85C Model Minimum Pulse Width 'i_system_bd|pixel_clk_pll|altera_pll_i|cyclonev_pll|fpll_0|fpll|vcoph[0]'
Slack : 0.384
TNS   : 0.000

Type  : Slow 1100mV 85C Model Minimum Pulse Width 'system_bd:i_system_bd|system_bd_sys_hps:sys_hps|system_bd_sys_hps_hps_io:hps_io|system_bd_sys_hps_hps_io_border:border|hps_sdram:hps_sdram_inst|hps_sdram_pll:pll|pll_write_clk_dq_write_clk'
Slack : 0.390
TNS   : 0.000

Type  : Slow 1100mV 85C Model Minimum Pulse Width 'system_bd:i_system_bd|system_bd_sys_hps:sys_hps|system_bd_sys_hps_hps_io:hps_io|system_bd_sys_hps_hps_io_border:border|hps_sdram:hps_sdram_inst|hps_sdram_pll:pll|afi_clk_write_clk'
Slack : 0.406
TNS   : 0.000

Type  : Slow 1100mV 85C Model Minimum Pulse Width 'i_system_bd|pixel_clk_pll|altera_pll_i|cyclonev_pll|counter[1].output_counter|divclk'
Slack : 3.361
TNS   : 0.000

Type  : Slow 1100mV 85C Model Minimum Pulse Width 'i_system_bd|sys_hps|fpga_interfaces|clocks_resets|h2f_user0_clk'
Slack : 4.655
TNS   : 0.000

Type  : Slow 1100mV 85C Model Minimum Pulse Width 'i_system_bd|pixel_clk_pll|altera_pll_i|cyclonev_pll|counter[0].output_counter|divclk'
Slack : 6.096
TNS   : 0.000

Type  : Slow 1100mV 85C Model Minimum Pulse Width 'sys_clk'
Slack : 8.196
TNS   : 0.000

Type  : Slow 1100mV 0C Model Setup 'system_bd:i_system_bd|system_bd_sys_hps:sys_hps|system_bd_sys_hps_hps_io:hps_io|system_bd_sys_hps_hps_io_border:border|hps_sdram:hps_sdram_inst|hps_sdram_pll:pll|afi_clk_write_clk'
Slack : 1.408
TNS   : 0.000

Type  : Slow 1100mV 0C Model Setup 'i_system_bd|pixel_clk_pll|altera_pll_i|cyclonev_pll|counter[1].output_counter|divclk'
Slack : 3.488
TNS   : 0.000

Type  : Slow 1100mV 0C Model Setup 'sys_clk'
Slack : 3.776
TNS   : 0.000

Type  : Slow 1100mV 0C Model Setup 'i_system_bd|sys_hps|fpga_interfaces|clocks_resets|h2f_user0_clk'
Slack : 5.570
TNS   : 0.000

Type  : Slow 1100mV 0C Model Setup 'i_system_bd|pixel_clk_pll|altera_pll_i|cyclonev_pll|counter[0].output_counter|divclk'
Slack : 7.451
TNS   : 0.000

Type  : Slow 1100mV 0C Model Hold 'i_system_bd|pixel_clk_pll|altera_pll_i|cyclonev_pll|counter[0].output_counter|divclk'
Slack : 0.225
TNS   : 0.000

Type  : Slow 1100mV 0C Model Hold 'i_system_bd|pixel_clk_pll|altera_pll_i|cyclonev_pll|counter[1].output_counter|divclk'
Slack : 0.228
TNS   : 0.000

Type  : Slow 1100mV 0C Model Hold 'system_bd:i_system_bd|system_bd_sys_hps:sys_hps|system_bd_sys_hps_hps_io:hps_io|system_bd_sys_hps_hps_io_border:border|hps_sdram:hps_sdram_inst|hps_sdram_pll:pll|afi_clk_write_clk'
Slack : 0.228
TNS   : 0.000

Type  : Slow 1100mV 0C Model Hold 'sys_clk'
Slack : 0.262
TNS   : 0.000

Type  : Slow 1100mV 0C Model Hold 'i_system_bd|sys_hps|fpga_interfaces|clocks_resets|h2f_user0_clk'
Slack : 0.418
TNS   : 0.000

Type  : Slow 1100mV 0C Model Recovery 'system_bd:i_system_bd|system_bd_sys_hps:sys_hps|system_bd_sys_hps_hps_io:hps_io|system_bd_sys_hps_hps_io_border:border|hps_sdram:hps_sdram_inst|hps_sdram_pll:pll|afi_clk_write_clk'
Slack : 3.037
TNS   : 0.000

Type  : Slow 1100mV 0C Model Recovery 'i_system_bd|pixel_clk_pll|altera_pll_i|cyclonev_pll|counter[1].output_counter|divclk'
Slack : 6.200
TNS   : 0.000

Type  : Slow 1100mV 0C Model Recovery 'sys_clk'
Slack : 8.209
TNS   : 0.000

Type  : Slow 1100mV 0C Model Recovery 'i_system_bd|pixel_clk_pll|altera_pll_i|cyclonev_pll|counter[0].output_counter|divclk'
Slack : 11.796
TNS   : 0.000

Type  : Slow 1100mV 0C Model Removal 'system_bd:i_system_bd|system_bd_sys_hps:sys_hps|system_bd_sys_hps_hps_io:hps_io|system_bd_sys_hps_hps_io_border:border|hps_sdram:hps_sdram_inst|hps_sdram_pll:pll|afi_clk_write_clk'
Slack : 0.564
TNS   : 0.000

Type  : Slow 1100mV 0C Model Removal 'sys_clk'
Slack : 1.050
TNS   : 0.000

Type  : Slow 1100mV 0C Model Removal 'i_system_bd|pixel_clk_pll|altera_pll_i|cyclonev_pll|counter[0].output_counter|divclk'
Slack : 1.270
TNS   : 0.000

Type  : Slow 1100mV 0C Model Removal 'i_system_bd|pixel_clk_pll|altera_pll_i|cyclonev_pll|counter[1].output_counter|divclk'
Slack : 1.536
TNS   : 0.000

Type  : Slow 1100mV 0C Model Minimum Pulse Width 'i_system_bd|pixel_clk_pll|altera_pll_i|cyclonev_pll|fpll_0|fpll|vcoph[0]'
Slack : 0.384
TNS   : 0.000

Type  : Slow 1100mV 0C Model Minimum Pulse Width 'system_bd:i_system_bd|system_bd_sys_hps:sys_hps|system_bd_sys_hps_hps_io:hps_io|system_bd_sys_hps_hps_io_border:border|hps_sdram:hps_sdram_inst|hps_sdram_pll:pll|pll_write_clk_dq_write_clk'
Slack : 0.399
TNS   : 0.000

Type  : Slow 1100mV 0C Model Minimum Pulse Width 'system_bd:i_system_bd|system_bd_sys_hps:sys_hps|system_bd_sys_hps_hps_io:hps_io|system_bd_sys_hps_hps_io_border:border|hps_sdram:hps_sdram_inst|hps_sdram_pll:pll|afi_clk_write_clk'
Slack : 0.420
TNS   : 0.000

Type  : Slow 1100mV 0C Model Minimum Pulse Width 'i_system_bd|pixel_clk_pll|altera_pll_i|cyclonev_pll|counter[1].output_counter|divclk'
Slack : 3.319
TNS   : 0.000

Type  : Slow 1100mV 0C Model Minimum Pulse Width 'i_system_bd|sys_hps|fpga_interfaces|clocks_resets|h2f_user0_clk'
Slack : 4.642
TNS   : 0.000

Type  : Slow 1100mV 0C Model Minimum Pulse Width 'i_system_bd|pixel_clk_pll|altera_pll_i|cyclonev_pll|counter[0].output_counter|divclk'
Slack : 6.053
TNS   : 0.000

Type  : Slow 1100mV 0C Model Minimum Pulse Width 'sys_clk'
Slack : 8.141
TNS   : 0.000

Type  : Fast 1100mV 85C Model Setup 'system_bd:i_system_bd|system_bd_sys_hps:sys_hps|system_bd_sys_hps_hps_io:hps_io|system_bd_sys_hps_hps_io_border:border|hps_sdram:hps_sdram_inst|hps_sdram_pll:pll|afi_clk_write_clk'
Slack : 2.110
TNS   : 0.000

Type  : Fast 1100mV 85C Model Setup 'i_system_bd|pixel_clk_pll|altera_pll_i|cyclonev_pll|counter[1].output_counter|divclk'
Slack : 6.490
TNS   : 0.000

Type  : Fast 1100mV 85C Model Setup 'i_system_bd|sys_hps|fpga_interfaces|clocks_resets|h2f_user0_clk'
Slack : 9.080
TNS   : 0.000

Type  : Fast 1100mV 85C Model Setup 'i_system_bd|pixel_clk_pll|altera_pll_i|cyclonev_pll|counter[0].output_counter|divclk'
Slack : 11.496
TNS   : 0.000

Type  : Fast 1100mV 85C Model Setup 'sys_clk'
Slack : 11.736
TNS   : 0.000

Type  : Fast 1100mV 85C Model Hold 'system_bd:i_system_bd|system_bd_sys_hps:sys_hps|system_bd_sys_hps_hps_io:hps_io|system_bd_sys_hps_hps_io_border:border|hps_sdram:hps_sdram_inst|hps_sdram_pll:pll|afi_clk_write_clk'
Slack : 0.084
TNS   : 0.000

Type  : Fast 1100mV 85C Model Hold 'sys_clk'
Slack : 0.111
TNS   : 0.000

Type  : Fast 1100mV 85C Model Hold 'i_system_bd|pixel_clk_pll|altera_pll_i|cyclonev_pll|counter[0].output_counter|divclk'
Slack : 0.175
TNS   : 0.000

Type  : Fast 1100mV 85C Model Hold 'i_system_bd|pixel_clk_pll|altera_pll_i|cyclonev_pll|counter[1].output_counter|divclk'
Slack : 0.178
TNS   : 0.000

Type  : Fast 1100mV 85C Model Hold 'i_system_bd|sys_hps|fpga_interfaces|clocks_resets|h2f_user0_clk'
Slack : 0.180
TNS   : 0.000

Type  : Fast 1100mV 85C Model Recovery 'system_bd:i_system_bd|system_bd_sys_hps:sys_hps|system_bd_sys_hps_hps_io:hps_io|system_bd_sys_hps_hps_io_border:border|hps_sdram:hps_sdram_inst|hps_sdram_pll:pll|afi_clk_write_clk'
Slack : 3.727
TNS   : 0.000

Type  : Fast 1100mV 85C Model Recovery 'i_system_bd|pixel_clk_pll|altera_pll_i|cyclonev_pll|counter[1].output_counter|divclk'
Slack : 7.876
TNS   : 0.000

Type  : Fast 1100mV 85C Model Recovery 'i_system_bd|pixel_clk_pll|altera_pll_i|cyclonev_pll|counter[0].output_counter|divclk'
Slack : 13.468
TNS   : 0.000

Type  : Fast 1100mV 85C Model Recovery 'sys_clk'
Slack : 14.143
TNS   : 0.000

Type  : Fast 1100mV 85C Model Removal 'sys_clk'
Slack : 0.448
TNS   : 0.000

Type  : Fast 1100mV 85C Model Removal 'system_bd:i_system_bd|system_bd_sys_hps:sys_hps|system_bd_sys_hps_hps_io:hps_io|system_bd_sys_hps_hps_io_border:border|hps_sdram:hps_sdram_inst|hps_sdram_pll:pll|afi_clk_write_clk'
Slack : 0.497
TNS   : 0.000

Type  : Fast 1100mV 85C Model Removal 'i_system_bd|pixel_clk_pll|altera_pll_i|cyclonev_pll|counter[0].output_counter|divclk'
Slack : 0.530
TNS   : 0.000

Type  : Fast 1100mV 85C Model Removal 'i_system_bd|pixel_clk_pll|altera_pll_i|cyclonev_pll|counter[1].output_counter|divclk'
Slack : 0.656
TNS   : 0.000

Type  : Fast 1100mV 85C Model Minimum Pulse Width 'i_system_bd|pixel_clk_pll|altera_pll_i|cyclonev_pll|fpll_0|fpll|vcoph[0]'
Slack : 0.384
TNS   : 0.000

Type  : Fast 1100mV 85C Model Minimum Pulse Width 'system_bd:i_system_bd|system_bd_sys_hps:sys_hps|system_bd_sys_hps_hps_io:hps_io|system_bd_sys_hps_hps_io_border:border|hps_sdram:hps_sdram_inst|hps_sdram_pll:pll|pll_write_clk_dq_write_clk'
Slack : 0.883
TNS   : 0.000

Type  : Fast 1100mV 85C Model Minimum Pulse Width 'system_bd:i_system_bd|system_bd_sys_hps:sys_hps|system_bd_sys_hps_hps_io:hps_io|system_bd_sys_hps_hps_io_border:border|hps_sdram:hps_sdram_inst|hps_sdram_pll:pll|afi_clk_write_clk'
Slack : 0.891
TNS   : 0.000

Type  : Fast 1100mV 85C Model Minimum Pulse Width 'i_system_bd|pixel_clk_pll|altera_pll_i|cyclonev_pll|counter[1].output_counter|divclk'
Slack : 3.878
TNS   : 0.000

Type  : Fast 1100mV 85C Model Minimum Pulse Width 'i_system_bd|sys_hps|fpga_interfaces|clocks_resets|h2f_user0_clk'
Slack : 5.157
TNS   : 0.000

Type  : Fast 1100mV 85C Model Minimum Pulse Width 'i_system_bd|pixel_clk_pll|altera_pll_i|cyclonev_pll|counter[0].output_counter|divclk'
Slack : 6.589
TNS   : 0.000

Type  : Fast 1100mV 85C Model Minimum Pulse Width 'sys_clk'
Slack : 8.804
TNS   : 0.000

Type  : Fast 1100mV 0C Model Setup 'system_bd:i_system_bd|system_bd_sys_hps:sys_hps|system_bd_sys_hps_hps_io:hps_io|system_bd_sys_hps_hps_io_border:border|hps_sdram:hps_sdram_inst|hps_sdram_pll:pll|afi_clk_write_clk'
Slack : 2.110
TNS   : 0.000

Type  : Fast 1100mV 0C Model Setup 'i_system_bd|pixel_clk_pll|altera_pll_i|cyclonev_pll|counter[1].output_counter|divclk'
Slack : 6.914
TNS   : 0.000

Type  : Fast 1100mV 0C Model Setup 'i_system_bd|sys_hps|fpga_interfaces|clocks_resets|h2f_user0_clk'
Slack : 9.387
TNS   : 0.000

Type  : Fast 1100mV 0C Model Setup 'i_system_bd|pixel_clk_pll|altera_pll_i|cyclonev_pll|counter[0].output_counter|divclk'
Slack : 11.960
TNS   : 0.000

Type  : Fast 1100mV 0C Model Setup 'sys_clk'
Slack : 12.360
TNS   : 0.000

Type  : Fast 1100mV 0C Model Hold 'system_bd:i_system_bd|system_bd_sys_hps:sys_hps|system_bd_sys_hps_hps_io:hps_io|system_bd_sys_hps_hps_io_border:border|hps_sdram:hps_sdram_inst|hps_sdram_pll:pll|afi_clk_write_clk'
Slack : 0.077
TNS   : 0.000

Type  : Fast 1100mV 0C Model Hold 'sys_clk'
Slack : 0.100
TNS   : 0.000

Type  : Fast 1100mV 0C Model Hold 'i_system_bd|pixel_clk_pll|altera_pll_i|cyclonev_pll|counter[0].output_counter|divclk'
Slack : 0.111
TNS   : 0.000

Type  : Fast 1100mV 0C Model Hold 'i_system_bd|pixel_clk_pll|altera_pll_i|cyclonev_pll|counter[1].output_counter|divclk'
Slack : 0.128
TNS   : 0.000

Type  : Fast 1100mV 0C Model Hold 'i_system_bd|sys_hps|fpga_interfaces|clocks_resets|h2f_user0_clk'
Slack : 0.168
TNS   : 0.000

Type  : Fast 1100mV 0C Model Recovery 'system_bd:i_system_bd|system_bd_sys_hps:sys_hps|system_bd_sys_hps_hps_io:hps_io|system_bd_sys_hps_hps_io_border:border|hps_sdram:hps_sdram_inst|hps_sdram_pll:pll|afi_clk_write_clk'
Slack : 3.825
TNS   : 0.000

Type  : Fast 1100mV 0C Model Recovery 'i_system_bd|pixel_clk_pll|altera_pll_i|cyclonev_pll|counter[1].output_counter|divclk'
Slack : 8.129
TNS   : 0.000

Type  : Fast 1100mV 0C Model Recovery 'i_system_bd|pixel_clk_pll|altera_pll_i|cyclonev_pll|counter[0].output_counter|divclk'
Slack : 13.693
TNS   : 0.000

Type  : Fast 1100mV 0C Model Recovery 'sys_clk'
Slack : 14.577
TNS   : 0.000

Type  : Fast 1100mV 0C Model Removal 'sys_clk'
Slack : 0.403
TNS   : 0.000

Type  : Fast 1100mV 0C Model Removal 'system_bd:i_system_bd|system_bd_sys_hps:sys_hps|system_bd_sys_hps_hps_io:hps_io|system_bd_sys_hps_hps_io_border:border|hps_sdram:hps_sdram_inst|hps_sdram_pll:pll|afi_clk_write_clk'
Slack : 0.473
TNS   : 0.000

Type  : Fast 1100mV 0C Model Removal 'i_system_bd|pixel_clk_pll|altera_pll_i|cyclonev_pll|counter[0].output_counter|divclk'
Slack : 0.476
TNS   : 0.000

Type  : Fast 1100mV 0C Model Removal 'i_system_bd|pixel_clk_pll|altera_pll_i|cyclonev_pll|counter[1].output_counter|divclk'
Slack : 0.586
TNS   : 0.000

Type  : Fast 1100mV 0C Model Minimum Pulse Width 'i_system_bd|pixel_clk_pll|altera_pll_i|cyclonev_pll|fpll_0|fpll|vcoph[0]'
Slack : 0.384
TNS   : 0.000

Type  : Fast 1100mV 0C Model Minimum Pulse Width 'system_bd:i_system_bd|system_bd_sys_hps:sys_hps|system_bd_sys_hps_hps_io:hps_io|system_bd_sys_hps_hps_io_border:border|hps_sdram:hps_sdram_inst|hps_sdram_pll:pll|pll_write_clk_dq_write_clk'
Slack : 0.887
TNS   : 0.000

Type  : Fast 1100mV 0C Model Minimum Pulse Width 'system_bd:i_system_bd|system_bd_sys_hps:sys_hps|system_bd_sys_hps_hps_io:hps_io|system_bd_sys_hps_hps_io_border:border|hps_sdram:hps_sdram_inst|hps_sdram_pll:pll|afi_clk_write_clk'
Slack : 0.894
TNS   : 0.000

Type  : Fast 1100mV 0C Model Minimum Pulse Width 'i_system_bd|pixel_clk_pll|altera_pll_i|cyclonev_pll|counter[1].output_counter|divclk'
Slack : 3.881
TNS   : 0.000

Type  : Fast 1100mV 0C Model Minimum Pulse Width 'i_system_bd|sys_hps|fpga_interfaces|clocks_resets|h2f_user0_clk'
Slack : 5.160
TNS   : 0.000

Type  : Fast 1100mV 0C Model Minimum Pulse Width 'i_system_bd|pixel_clk_pll|altera_pll_i|cyclonev_pll|counter[0].output_counter|divclk'
Slack : 6.586
TNS   : 0.000

Type  : Fast 1100mV 0C Model Minimum Pulse Width 'sys_clk'
Slack : 8.809
TNS   : 0.000

------------------------------------------------------------
Info: see the "DDR report" for DDR timing results
------------------------------------------------------------
------------------------------------------------------------
